Archive member included to satisfy reference by file (symbol)

c:/dev/embedded/arm_toolchain/gcc-arm-none-eabi-10.3-2021.07/bin/../lib/gcc/arm-none-eabi/10.3.1/../../../../arm-none-eabi/lib/thumb/v7e-m+fp/hard\libc_nano.a(lib_a-assert.o)
                              build/timer.o (__assert_func)
c:/dev/embedded/arm_toolchain/gcc-arm-none-eabi-10.3-2021.07/bin/../lib/gcc/arm-none-eabi/10.3.1/../../../../arm-none-eabi/lib/thumb/v7e-m+fp/hard\libc_nano.a(lib_a-exit.o)
                              c:/dev/embedded/arm_toolchain/gcc-arm-none-eabi-10.3-2021.07/bin/../lib/gcc/arm-none-eabi/10.3.1/../../../../arm-none-eabi/lib/thumb/v7e-m+fp/hard/crt0.o (exit)
c:/dev/embedded/arm_toolchain/gcc-arm-none-eabi-10.3-2021.07/bin/../lib/gcc/arm-none-eabi/10.3.1/../../../../arm-none-eabi/lib/thumb/v7e-m+fp/hard\libc_nano.a(lib_a-fprintf.o)
                              c:/dev/embedded/arm_toolchain/gcc-arm-none-eabi-10.3-2021.07/bin/../lib/gcc/arm-none-eabi/10.3.1/../../../../arm-none-eabi/lib/thumb/v7e-m+fp/hard\libc_nano.a(lib_a-assert.o) (fiprintf)
c:/dev/embedded/arm_toolchain/gcc-arm-none-eabi-10.3-2021.07/bin/../lib/gcc/arm-none-eabi/10.3.1/../../../../arm-none-eabi/lib/thumb/v7e-m+fp/hard\libc_nano.a(lib_a-impure.o)
                              c:/dev/embedded/arm_toolchain/gcc-arm-none-eabi-10.3-2021.07/bin/../lib/gcc/arm-none-eabi/10.3.1/../../../../arm-none-eabi/lib/thumb/v7e-m+fp/hard\libc_nano.a(lib_a-exit.o) (_global_impure_ptr)
c:/dev/embedded/arm_toolchain/gcc-arm-none-eabi-10.3-2021.07/bin/../lib/gcc/arm-none-eabi/10.3.1/../../../../arm-none-eabi/lib/thumb/v7e-m+fp/hard\libc_nano.a(lib_a-init.o)
                              c:/dev/embedded/arm_toolchain/gcc-arm-none-eabi-10.3-2021.07/bin/../lib/gcc/arm-none-eabi/10.3.1/../../../../arm-none-eabi/lib/thumb/v7e-m+fp/hard/crt0.o (__libc_init_array)
c:/dev/embedded/arm_toolchain/gcc-arm-none-eabi-10.3-2021.07/bin/../lib/gcc/arm-none-eabi/10.3.1/../../../../arm-none-eabi/lib/thumb/v7e-m+fp/hard\libc_nano.a(lib_a-memset.o)
                              c:/dev/embedded/arm_toolchain/gcc-arm-none-eabi-10.3-2021.07/bin/../lib/gcc/arm-none-eabi/10.3.1/../../../../arm-none-eabi/lib/thumb/v7e-m+fp/hard/crt0.o (memset)
c:/dev/embedded/arm_toolchain/gcc-arm-none-eabi-10.3-2021.07/bin/../lib/gcc/arm-none-eabi/10.3.1/../../../../arm-none-eabi/lib/thumb/v7e-m+fp/hard\libc_nano.a(lib_a-nano-vfprintf.o)
                              c:/dev/embedded/arm_toolchain/gcc-arm-none-eabi-10.3-2021.07/bin/../lib/gcc/arm-none-eabi/10.3.1/../../../../arm-none-eabi/lib/thumb/v7e-m+fp/hard\libc_nano.a(lib_a-fprintf.o) (_vfprintf_r)
c:/dev/embedded/arm_toolchain/gcc-arm-none-eabi-10.3-2021.07/bin/../lib/gcc/arm-none-eabi/10.3.1/../../../../arm-none-eabi/lib/thumb/v7e-m+fp/hard\libc_nano.a(lib_a-nano-vfprintf_i.o)
                              c:/dev/embedded/arm_toolchain/gcc-arm-none-eabi-10.3-2021.07/bin/../lib/gcc/arm-none-eabi/10.3.1/../../../../arm-none-eabi/lib/thumb/v7e-m+fp/hard\libc_nano.a(lib_a-nano-vfprintf.o) (_printf_i)
c:/dev/embedded/arm_toolchain/gcc-arm-none-eabi-10.3-2021.07/bin/../lib/gcc/arm-none-eabi/10.3.1/../../../../arm-none-eabi/lib/thumb/v7e-m+fp/hard\libc_nano.a(lib_a-wbuf.o)
                              c:/dev/embedded/arm_toolchain/gcc-arm-none-eabi-10.3-2021.07/bin/../lib/gcc/arm-none-eabi/10.3.1/../../../../arm-none-eabi/lib/thumb/v7e-m+fp/hard\libc_nano.a(lib_a-nano-vfprintf.o) (__swbuf_r)
c:/dev/embedded/arm_toolchain/gcc-arm-none-eabi-10.3-2021.07/bin/../lib/gcc/arm-none-eabi/10.3.1/../../../../arm-none-eabi/lib/thumb/v7e-m+fp/hard\libc_nano.a(lib_a-wsetup.o)
                              c:/dev/embedded/arm_toolchain/gcc-arm-none-eabi-10.3-2021.07/bin/../lib/gcc/arm-none-eabi/10.3.1/../../../../arm-none-eabi/lib/thumb/v7e-m+fp/hard\libc_nano.a(lib_a-nano-vfprintf.o) (__swsetup_r)
c:/dev/embedded/arm_toolchain/gcc-arm-none-eabi-10.3-2021.07/bin/../lib/gcc/arm-none-eabi/10.3.1/../../../../arm-none-eabi/lib/thumb/v7e-m+fp/hard\libc_nano.a(lib_a-abort.o)
                              c:/dev/embedded/arm_toolchain/gcc-arm-none-eabi-10.3-2021.07/bin/../lib/gcc/arm-none-eabi/10.3.1/../../../../arm-none-eabi/lib/thumb/v7e-m+fp/hard\libc_nano.a(lib_a-assert.o) (abort)
c:/dev/embedded/arm_toolchain/gcc-arm-none-eabi-10.3-2021.07/bin/../lib/gcc/arm-none-eabi/10.3.1/../../../../arm-none-eabi/lib/thumb/v7e-m+fp/hard\libc_nano.a(lib_a-fflush.o)
                              c:/dev/embedded/arm_toolchain/gcc-arm-none-eabi-10.3-2021.07/bin/../lib/gcc/arm-none-eabi/10.3.1/../../../../arm-none-eabi/lib/thumb/v7e-m+fp/hard\libc_nano.a(lib_a-wbuf.o) (_fflush_r)
c:/dev/embedded/arm_toolchain/gcc-arm-none-eabi-10.3-2021.07/bin/../lib/gcc/arm-none-eabi/10.3.1/../../../../arm-none-eabi/lib/thumb/v7e-m+fp/hard\libc_nano.a(lib_a-findfp.o)
                              c:/dev/embedded/arm_toolchain/gcc-arm-none-eabi-10.3-2021.07/bin/../lib/gcc/arm-none-eabi/10.3.1/../../../../arm-none-eabi/lib/thumb/v7e-m+fp/hard\libc_nano.a(lib_a-nano-vfprintf.o) (__sinit)
[...]
Memory Configuration

Name             Origin             Length             Attributes
RAM              0x20000000         0x00020000         xrw
CCMRAM           0x10000000         0x00010000         xrw
FLASH            0x08000000         0x00100000         xr
*default*        0x00000000         0xffffffff

Linker script and memory map

LOAD c:/dev/embedded/arm_toolchain/gcc-arm-none-eabi-10.3-2021.07/bin/../lib/gcc/arm-none-eabi/10.3.1/thumb/v7e-m+fp/hard/crti.o
LOAD c:/dev/embedded/arm_toolchain/gcc-arm-none-eabi-10.3-2021.07/bin/../lib/gcc/arm-none-eabi/10.3.1/thumb/v7e-m+fp/hard/crtbegin.o
LOAD c:/dev/embedded/arm_toolchain/gcc-arm-none-eabi-10.3-2021.07/bin/../lib/gcc/arm-none-eabi/10.3.1/../../../../arm-none-eabi/lib/thumb/v7e-m+fp/hard/crt0.o
LOAD build/gpio.o
LOAD build/stm32f4xx_hal_msp.o
LOAD build/stm32f4xx_it.o
LOAD build/system_stm32f4xx.o
LOAD build/timer.o
LOAD build/uart.o
LOAD build/stm32f4xx_hal.o
LOAD build/stm32f4xx_hal_cortex.o
LOAD build/stm32f4xx_hal_dma.o
LOAD build/stm32f4xx_hal_dma_ex.o
LOAD build/stm32f4xx_hal_exti.o
LOAD build/stm32f4xx_hal_flash.o
LOAD build/stm32f4xx_hal_flash_ex.o
LOAD build/stm32f4xx_hal_flash_ramfunc.o
LOAD build/stm32f4xx_hal_gpio.o
LOAD build/stm32f4xx_hal_pwr.o
LOAD build/stm32f4xx_hal_pwr_ex.o
LOAD build/stm32f4xx_hal_rcc.o
LOAD build/stm32f4xx_hal_rcc_ex.o
LOAD build/stm32f4xx_hal_tim.o
LOAD build/stm32f4xx_hal_tim_ex.o
LOAD build/main.o
LOAD build/stepper.o
LOAD build/startup_stm32f417xx.o
LOAD c:/dev/embedded/arm_toolchain/gcc-arm-none-eabi-10.3-2021.07/bin/../lib/gcc/arm-none-eabi/10.3.1/../../../../arm-none-eabi/lib/thumb/v7e-m+fp/hard\libc_nano.a
LOAD c:/dev/embedded/arm_toolchain/gcc-arm-none-eabi-10.3-2021.07/bin/../lib/gcc/arm-none-eabi/10.3.1/../../../../arm-none-eabi/lib/thumb/v7e-m+fp/hard\libm.a
LOAD c:/dev/embedded/arm_toolchain/gcc-arm-none-eabi-10.3-2021.07/bin/../lib/gcc/arm-none-eabi/10.3.1/../../../../arm-none-eabi/lib/thumb/v7e-m+fp/hard\libnosys.a
START GROUP
LOAD c:/dev/embedded/arm_toolchain/gcc-arm-none-eabi-10.3-2021.07/bin/../lib/gcc/arm-none-eabi/10.3.1/thumb/v7e-m+fp/hard\libgcc.a
LOAD c:/dev/embedded/arm_toolchain/gcc-arm-none-eabi-10.3-2021.07/bin/../lib/gcc/arm-none-eabi/10.3.1/../../../../arm-none-eabi/lib/thumb/v7e-m+fp/hard\libc_nano.a
END GROUP
START GROUP
LOAD c:/dev/embedded/arm_toolchain/gcc-arm-none-eabi-10.3-2021.07/bin/../lib/gcc/arm-none-eabi/10.3.1/thumb/v7e-m+fp/hard\libgcc.a
LOAD c:/dev/embedded/arm_toolchain/gcc-arm-none-eabi-10.3-2021.07/bin/../lib/gcc/arm-none-eabi/10.3.1/../../../../arm-none-eabi/lib/thumb/v7e-m+fp/hard\libc_nano.a
END GROUP
LOAD c:/dev/embedded/arm_toolchain/gcc-arm-none-eabi-10.3-2021.07/bin/../lib/gcc/arm-none-eabi/10.3.1/thumb/v7e-m+fp/hard/crtend.o
LOAD c:/dev/embedded/arm_toolchain/gcc-arm-none-eabi-10.3-2021.07/bin/../lib/gcc/arm-none-eabi/10.3.1/thumb/v7e-m+fp/hard/crtn.o
                0x20020000                _estack = 0x20020000
                0x00000200                _Min_Heap_Size = 0x200
                0x00000400                _Min_Stack_Size = 0x400

.isr_vector     0x08000000      0x188
                0x08000000                . = ALIGN (0x4)
 *(.isr_vector)
 .isr_vector    0x08000000      0x188 build/startup_stm32f417xx.o
                0x08000000                g_pfnVectors
                0x08000188                . = ALIGN (0x4)

.text           0x08000188     0x1ce8
                0x08000188                . = ALIGN (0x4)
 *(.text)
 .text          0x08000188       0x40 c:/dev/embedded/arm_toolchain/gcc-arm-none-eabi-10.3-2021.07/bin/../lib/gcc/arm-none-eabi/10.3.1/thumb/v7e-m+fp/hard/crtbegin.o
 .text          0x080001c8       0x30 c:/dev/embedded/arm_toolchain/gcc-arm-none-eabi-10.3-2021.07/bin/../lib/gcc/arm-none-eabi/10.3.1/thumb/v7e-m+fp/hard\libgcc.a(_aeabi_uldivmod.o)
                0x080001c8                __aeabi_uldivmod
 .text          0x080001f8      0x2d0 c:/dev/embedded/arm_toolchain/gcc-arm-none-eabi-10.3-2021.07/bin/../lib/gcc/arm-none-eabi/10.3.1/thumb/v7e-m+fp/hard\libgcc.a(_udivmoddi4.o)
                0x080001f8                __udivmoddi4
 .text          0x080004c8      0x9d8 c:/dev/embedded/arm_toolchain/gcc-arm-none-eabi-10.3-2021.07/bin/../lib/gcc/arm-none-eabi/10.3.1/thumb/v7e-m+fp/hard\libgcc.a(unwind-arm.o)
                0x08000770                _Unwind_GetCFA
                0x08000774                __gnu_Unwind_RaiseException
                0x080007dc                __gnu_Unwind_ForcedUnwind
                0x080007ec                __gnu_Unwind_Resume
                0x08000830                __gnu_Unwind_Resume_or_Rethrow
                0x08000840                _Unwind_Complete
                0x08000844                _Unwind_DeleteException
                0x08000850                _Unwind_VRS_Get
                0x0800089c                _Unwind_VRS_Set
                0x080008e4                __gnu_Unwind_Backtrace
                0x08000c10                __aeabi_unwind_cpp_pr0
                0x08000c14                __aeabi_unwind_cpp_pr1
                0x08000c18                __aeabi_unwind_cpp_pr2
                0x08000c1c                _Unwind_VRS_Pop
 .text          0x08000ea0      0x1ac c:/dev/embedded/arm_toolchain/gcc-arm-none-eabi-10.3-2021.07/bin/../lib/gcc/arm-none-eabi/10.3.1/thumb/v7e-m+fp/hard\libgcc.a(libunwind.o)
                0x08000ea0                __restore_core_regs
                0x08000ea0                restore_core_regs
                0x08000eb8                __gnu_Unwind_Restore_VFP
                0x08000ec0                __gnu_Unwind_Save_VFP
                0x08000ec8                __gnu_Unwind_Restore_VFP_D
                0x08000ed0                __gnu_Unwind_Save_VFP_D
                0x08000ed8                __gnu_Unwind_Restore_VFP_D_16_to_31
                0x08000ee0                __gnu_Unwind_Save_VFP_D_16_to_31
                0x08000ee8                __gnu_Unwind_Restore_WMMXD
                0x08000f2c                __gnu_Unwind_Save_WMMXD
                0x08000f70                __gnu_Unwind_Restore_WMMXC
                0x08000f84                __gnu_Unwind_Save_WMMXC
                0x08000f98                ___Unwind_RaiseException
                0x08000f98                _Unwind_RaiseException
                0x08000fbc                _Unwind_Resume
                0x08000fbc                ___Unwind_Resume
                0x08000fe0                _Unwind_Resume_or_Rethrow
                0x08000fe0                ___Unwind_Resume_or_Rethrow
                0x08001004                _Unwind_ForcedUnwind
                0x08001004                ___Unwind_ForcedUnwind
                0x08001028                ___Unwind_Backtrace
                0x08001028                _Unwind_Backtrace
 .text          0x0800104c      0x350 c:/dev/embedded/arm_toolchain/gcc-arm-none-eabi-10.3-2021.07/bin/../lib/gcc/arm-none-eabi/10.3.1/thumb/v7e-m+fp/hard\libgcc.a(pr-support.o)
                0x080010a4                __gnu_unwind_execute
                0x08001350                __gnu_unwind_frame
                0x0800137c                _Unwind_GetRegionStart
                0x08001388                _Unwind_GetLanguageSpecificData
 .text          0x0800139c        0x4 c:/dev/embedded/arm_toolchain/gcc-arm-none-eabi-10.3-2021.07/bin/../lib/gcc/arm-none-eabi/10.3.1/thumb/v7e-m+fp/hard\libgcc.a(_dvmd_tls.o)
                0x0800139c                __aeabi_idiv0
                0x0800139c                __aeabi_ldiv0
 *(.text*)
 .text.MX_GPIO_Init
                0x080013a0       0x38 build/gpio.o
                0x080013a0                MX_GPIO_Init
 .text.HAL_MspInit
                0x080013d8       0x38 build/stm32f4xx_hal_msp.o
                0x080013d8                HAL_MspInit
 .text.NMI_Handler
                0x08001410        0x2 build/stm32f4xx_it.o
                0x08001410                NMI_Handler
 .text.HardFault_Handler
                0x08001412        0x2 build/stm32f4xx_it.o
                0x08001412                HardFault_Handler
 .text.MemManage_Handler
                0x08001414        0x2 build/stm32f4xx_it.o
                0x08001414                MemManage_Handler
 .text.BusFault_Handler
                0x08001416        0x2 build/stm32f4xx_it.o
                0x08001416                BusFault_Handler
 .text.UsageFault_Handler
                0x08001418        0x2 build/stm32f4xx_it.o
                0x08001418                UsageFault_Handler
 .text.SVC_Handler
                0x0800141a        0x2 build/stm32f4xx_it.o
                0x0800141a                SVC_Handler
 .text.DebugMon_Handler
                0x0800141c        0x2 build/stm32f4xx_it.o
                0x0800141c                DebugMon_Handler
 .text.PendSV_Handler
                0x0800141e        0x2 build/stm32f4xx_it.o
                0x0800141e                PendSV_Handler
 .text.SysTick_Handler
                0x08001420        0x8 build/stm32f4xx_it.o
                0x08001420                SysTick_Handler
 .text.SystemInit
                0x08001428       0x14 build/system_stm32f4xx.o
                0x08001428                SystemInit
 .text.TIM1_BRK_TIM9_IRQHandler
                0x0800143c        0x2 build/timer.o
                0x0800143c                TIM1_BRK_TIM9_IRQHandler
 .text.TIM1_UP_TIM10_IRQHandler
                0x0800143e        0x2 build/timer.o
                0x0800143e                TIM1_UP_TIM10_IRQHandler
 .text.TIM1_TRG_COM_TIM11_IRQHandler
                0x08001440        0x2 build/timer.o
                0x08001440                TIM1_TRG_COM_TIM11_IRQHandler
 .text.TIM1_CC_IRQHandler
                0x08001442        0x2 build/timer.o
                0x08001442                TIM1_CC_IRQHandler
 .text.TIM2_IRQHandler
                0x08001444        0x2 build/timer.o
                0x08001444                TIM2_IRQHandler
 .text.TIM3_IRQHandler
                0x08001446        0x2 build/timer.o
                0x08001446                TIM3_IRQHandler
 .text.TIM4_IRQHandler
                0x08001448        0x2 build/timer.o
                0x08001448                TIM4_IRQHandler
 .text.TIM8_BRK_TIM12_IRQHandler
                0x0800144a        0x2 build/timer.o
                0x0800144a                TIM8_BRK_TIM12_IRQHandler
 .text.TIM8_UP_TIM13_IRQHandler
                0x0800144c        0x2 build/timer.o
                0x0800144c                TIM8_UP_TIM13_IRQHandler
 .text.TIM8_TRG_COM_TIM14_IRQHandler
                0x0800144e        0x2 build/timer.o
                0x0800144e                TIM8_TRG_COM_TIM14_IRQHandler
 .text.TIM8_CC_IRQHandler
                0x08001450        0x2 build/timer.o
                0x08001450                TIM8_CC_IRQHandler
 .text.TIM5_IRQHandler
                0x08001452        0x2 build/timer.o
                0x08001452                TIM5_IRQHandler
 .text.TIM6_DAC_IRQHandler
                0x08001454       0x28 build/timer.o
                0x08001454                TIM6_DAC_IRQHandler
 .text.TIM7_IRQHandler
                0x0800147c       0x1c build/timer.o
                0x0800147c                TIM7_IRQHandler
 .text.HAL_InitTick
                0x08001498       0x4c build/stm32f4xx_hal.o
                0x08001498                HAL_InitTick
 .text.HAL_Init
                0x080014e4       0x34 build/stm32f4xx_hal.o
                0x080014e4                HAL_Init
 .text.HAL_IncTick
                0x08001518       0x18 build/stm32f4xx_hal.o
                0x08001518                HAL_IncTick
 .text.HAL_GetTick
                0x08001530        0xc build/stm32f4xx_hal.o
                0x08001530                HAL_GetTick
 .text.HAL_NVIC_SetPriorityGrouping
                0x0800153c       0x24 build/stm32f4xx_hal_cortex.o
                0x0800153c                HAL_NVIC_SetPriorityGrouping
 .text.HAL_NVIC_SetPriority
                0x08001560       0x70 build/stm32f4xx_hal_cortex.o
                0x08001560                HAL_NVIC_SetPriority
 .text.HAL_SYSTICK_Config
                0x080015d0       0x28 build/stm32f4xx_hal_cortex.o
                0x080015d0                HAL_SYSTICK_Config
 .text.HAL_RCC_OscConfig
                0x080015f8      0x3f8 build/stm32f4xx_hal_rcc.o
                0x080015f8                HAL_RCC_OscConfig
 .text.HAL_RCC_GetSysClockFreq
                0x080019f0       0xc8 build/stm32f4xx_hal_rcc.o
                0x080019f0                HAL_RCC_GetSysClockFreq
 .text.HAL_RCC_ClockConfig
                0x08001ab8      0x160 build/stm32f4xx_hal_rcc.o
                0x08001ab8                HAL_RCC_ClockConfig
 .text.Error_Handler
                0x08001c18        0x4 build/main.o
                0x08001c18                Error_Handler
 .text._Z18SystemClock_Configv
                0x08001c1c       0xa8 build/main.o
                0x08001c1c                SystemClock_Config()
 .text.main     0x08001cc4       0x10 build/main.o
                0x08001cc4                main
 .text.Reset_Handler
                0x08001cd4       0x50 build/startup_stm32f417xx.o
                0x08001cd4                Reset_Handler
 .text.Default_Handler
                0x08001d24        0x2 build/startup_stm32f417xx.o
                0x08001d24                RTC_Alarm_IRQHandler
                0x08001d24                HASH_RNG_IRQHandler
                0x08001d24                EXTI2_IRQHandler
                0x08001d24                DMA2_Stream5_IRQHandler
                0x08001d24                DMA1_Stream5_IRQHandler
                0x08001d24                PVD_IRQHandler
                0x08001d24                SDIO_IRQHandler
                0x08001d24                TAMP_STAMP_IRQHandler
                0x08001d24                CAN2_RX1_IRQHandler
                0x08001d24                EXTI3_IRQHandler
                0x08001d24                I2C3_ER_IRQHandler
                0x08001d24                EXTI0_IRQHandler
                0x08001d24                I2C2_EV_IRQHandler
                0x08001d24                DMA1_Stream2_IRQHandler
                0x08001d24                CAN1_RX0_IRQHandler
                0x08001d24                FPU_IRQHandler
                0x08001d24                OTG_HS_WKUP_IRQHandler
                0x08001d24                CAN2_SCE_IRQHandler
                0x08001d24                DMA2_Stream2_IRQHandler
                0x08001d24                SPI1_IRQHandler
                0x08001d24                DCMI_IRQHandler
                0x08001d24                CAN2_RX0_IRQHandler
                0x08001d24                DMA2_Stream3_IRQHandler
                0x08001d24                USART6_IRQHandler
                0x08001d24                USART3_IRQHandler
                0x08001d24                CRYP_IRQHandler
                0x08001d24                CAN1_RX1_IRQHandler
                0x08001d24                UART5_IRQHandler
                0x08001d24                DMA2_Stream0_IRQHandler
                0x08001d24                I2C1_EV_IRQHandler
                0x08001d24                DMA1_Stream6_IRQHandler
                0x08001d24                DMA1_Stream1_IRQHandler
                0x08001d24                UART4_IRQHandler
                0x08001d24                RCC_IRQHandler
                0x08001d24                Default_Handler
                0x08001d24                EXTI15_10_IRQHandler
                0x08001d24                ADC_IRQHandler
                0x08001d24                DMA1_Stream7_IRQHandler
                0x08001d24                CAN2_TX_IRQHandler
                0x08001d24                DMA2_Stream7_IRQHandler
                0x08001d24                I2C3_EV_IRQHandler
                0x08001d24                EXTI9_5_IRQHandler
                0x08001d24                RTC_WKUP_IRQHandler
                0x08001d24                ETH_WKUP_IRQHandler
                0x08001d24                SPI2_IRQHandler
                0x08001d24                OTG_HS_EP1_IN_IRQHandler
                0x08001d24                DMA1_Stream0_IRQHandler
                0x08001d24                CAN1_TX_IRQHandler
                0x08001d24                EXTI4_IRQHandler
                0x08001d24                FSMC_IRQHandler
                0x08001d24                ETH_IRQHandler
                0x08001d24                OTG_HS_EP1_OUT_IRQHandler
                0x08001d24                WWDG_IRQHandler
                0x08001d24                OTG_FS_WKUP_IRQHandler
                0x08001d24                OTG_HS_IRQHandler
                0x08001d24                EXTI1_IRQHandler
                0x08001d24                USART2_IRQHandler
                0x08001d24                I2C2_ER_IRQHandler
                0x08001d24                DMA2_Stream1_IRQHandler
                0x08001d24                CAN1_SCE_IRQHandler
                0x08001d24                FLASH_IRQHandler
                0x08001d24                DMA2_Stream4_IRQHandler
                0x08001d24                USART1_IRQHandler
                0x08001d24                OTG_FS_IRQHandler
                0x08001d24                SPI3_IRQHandler
                0x08001d24                DMA1_Stream4_IRQHandler
                0x08001d24                I2C1_ER_IRQHandler
                0x08001d24                DMA2_Stream6_IRQHandler
                0x08001d24                DMA1_Stream3_IRQHandler
 *fill*         0x08001d26        0x2 
 .text.__libc_init_array
                0x08001d28       0x48 c:/dev/embedded/arm_toolchain/gcc-arm-none-eabi-10.3-2021.07/bin/../lib/gcc/arm-none-eabi/10.3.1/../../../../arm-none-eabi/lib/thumb/v7e-m+fp/hard\libc_nano.a(lib_a-init.o)
                0x08001d28                __libc_init_array
 .text.memset   0x08001d70       0x10 c:/dev/embedded/arm_toolchain/gcc-arm-none-eabi-10.3-2021.07/bin/../lib/gcc/arm-none-eabi/10.3.1/../../../../arm-none-eabi/lib/thumb/v7e-m+fp/hard\libc_nano.a(lib_a-memset.o)
                0x08001d70                memset
 .text.abort    0x08001d80        0xe c:/dev/embedded/arm_toolchain/gcc-arm-none-eabi-10.3-2021.07/bin/../lib/gcc/arm-none-eabi/10.3.1/../../../../arm-none-eabi/lib/thumb/v7e-m+fp/hard\libc_nano.a(lib_a-abort.o)
                0x08001d80                abort
 .text.memcpy   0x08001d8e       0x1c c:/dev/embedded/arm_toolchain/gcc-arm-none-eabi-10.3-2021.07/bin/../lib/gcc/arm-none-eabi/10.3.1/../../../../arm-none-eabi/lib/thumb/v7e-m+fp/hard\libc_nano.a(lib_a-memcpy-stub.o)
                0x08001d8e                memcpy
 .text._raise_r
                0x08001daa       0x50 c:/dev/embedded/arm_toolchain/gcc-arm-none-eabi-10.3-2021.07/bin/../lib/gcc/arm-none-eabi/10.3.1/../../../../arm-none-eabi/lib/thumb/v7e-m+fp/hard\libc_nano.a(lib_a-signal.o)
                0x08001daa                _raise_r
 *fill*         0x08001dfa        0x2 
 .text.raise    0x08001dfc       0x10 c:/dev/embedded/arm_toolchain/gcc-arm-none-eabi-10.3-2021.07/bin/../lib/gcc/arm-none-eabi/10.3.1/../../../../arm-none-eabi/lib/thumb/v7e-m+fp/hard\libc_nano.a(lib_a-signal.o)
                0x08001dfc                raise
 .text._kill_r  0x08001e0c       0x24 c:/dev/embedded/arm_toolchain/gcc-arm-none-eabi-10.3-2021.07/bin/../lib/gcc/arm-none-eabi/10.3.1/../../../../arm-none-eabi/lib/thumb/v7e-m+fp/hard\libc_nano.a(lib_a-signalr.o)
                0x08001e0c                _kill_r
 .text._getpid_r
                0x08001e30        0x4 c:/dev/embedded/arm_toolchain/gcc-arm-none-eabi-10.3-2021.07/bin/../lib/gcc/arm-none-eabi/10.3.1/../../../../arm-none-eabi/lib/thumb/v7e-m+fp/hard\libc_nano.a(lib_a-signalr.o)
                0x08001e30                _getpid_r
 .text._getpid  0x08001e34       0x10 c:/dev/embedded/arm_toolchain/gcc-arm-none-eabi-10.3-2021.07/bin/../lib/gcc/arm-none-eabi/10.3.1/../../../../arm-none-eabi/lib/thumb/v7e-m+fp/hard\libnosys.a(getpid.o)
                0x08001e34                _getpid
 .text._kill    0x08001e44       0x10 c:/dev/embedded/arm_toolchain/gcc-arm-none-eabi-10.3-2021.07/bin/../lib/gcc/arm-none-eabi/10.3.1/../../../../arm-none-eabi/lib/thumb/v7e-m+fp/hard\libnosys.a(kill.o)
                0x08001e44                _kill
 .text._exit    0x08001e54        0x4 c:/dev/embedded/arm_toolchain/gcc-arm-none-eabi-10.3-2021.07/bin/../lib/gcc/arm-none-eabi/10.3.1/../../../../arm-none-eabi/lib/thumb/v7e-m+fp/hard\libnosys.a(_exit.o)
                0x08001e54                _exit
 *(.glue_7)
 .glue_7        0x08001e58        0x0 linker stubs
 *(.glue_7t)
 .glue_7t       0x08001e58        0x0 linker stubs
 *(.eh_frame)
 .eh_frame      0x08001e58        0x0 c:/dev/embedded/arm_toolchain/gcc-arm-none-eabi-10.3-2021.07/bin/../lib/gcc/arm-none-eabi/10.3.1/thumb/v7e-m+fp/hard/crtbegin.o
 *(.init)
 .init          0x08001e58        0x4 c:/dev/embedded/arm_toolchain/gcc-arm-none-eabi-10.3-2021.07/bin/../lib/gcc/arm-none-eabi/10.3.1/thumb/v7e-m+fp/hard/crti.o
                0x08001e58                _init
 .init          0x08001e5c        0x8 c:/dev/embedded/arm_toolchain/gcc-arm-none-eabi-10.3-2021.07/bin/../lib/gcc/arm-none-eabi/10.3.1/thumb/v7e-m+fp/hard/crtn.o
 *(.fini)
 .fini          0x08001e64        0x4 c:/dev/embedded/arm_toolchain/gcc-arm-none-eabi-10.3-2021.07/bin/../lib/gcc/arm-none-eabi/10.3.1/thumb/v7e-m+fp/hard/crti.o
                0x08001e64                _fini
 .fini          0x08001e68        0x8 c:/dev/embedded/arm_toolchain/gcc-arm-none-eabi-10.3-2021.07/bin/../lib/gcc/arm-none-eabi/10.3.1/thumb/v7e-m+fp/hard/crtn.o
                0x08001e70                . = ALIGN (0x4)
                0x08001e70                _etext = .

.vfp11_veneer   0x08001e70        0x0
 .vfp11_veneer  0x08001e70        0x0 linker stubs

.v4_bx          0x08001e70        0x0
 .v4_bx         0x08001e70        0x0 linker stubs

.iplt           0x08001e70        0x0
 .iplt          0x08001e70        0x0 c:/dev/embedded/arm_toolchain/gcc-arm-none-eabi-10.3-2021.07/bin/../lib/gcc/arm-none-eabi/10.3.1/thumb/v7e-m+fp/hard/crtbegin.o

.rodata         0x08001e70       0x70
                0x08001e70                . = ALIGN (0x4)
 *(.rodata)
 *(.rodata*)
 .rodata.AHBPrescTable
                0x08001e70       0x10 build/system_stm32f4xx.o
                0x08001e70                AHBPrescTable
 .rodata.__sf_fake_stderr
                0x08001e80       0x20 c:/dev/embedded/arm_toolchain/gcc-arm-none-eabi-10.3-2021.07/bin/../lib/gcc/arm-none-eabi/10.3.1/../../../../arm-none-eabi/lib/thumb/v7e-m+fp/hard\libc_nano.a(lib_a-findfp.o)
                0x08001e80                __sf_fake_stderr
 .rodata.__sf_fake_stdin
                0x08001ea0       0x20 c:/dev/embedded/arm_toolchain/gcc-arm-none-eabi-10.3-2021.07/bin/../lib/gcc/arm-none-eabi/10.3.1/../../../../arm-none-eabi/lib/thumb/v7e-m+fp/hard\libc_nano.a(lib_a-findfp.o)
                0x08001ea0                __sf_fake_stdin
 .rodata.__sf_fake_stdout
                0x08001ec0       0x20 c:/dev/embedded/arm_toolchain/gcc-arm-none-eabi-10.3-2021.07/bin/../lib/gcc/arm-none-eabi/10.3.1/../../../../arm-none-eabi/lib/thumb/v7e-m+fp/hard\libc_nano.a(lib_a-findfp.o)
                0x08001ec0                __sf_fake_stdout
                0x08001ee0                . = ALIGN (0x4)

.ARM.extab      0x08001ee0       0x24
 *(.ARM.extab* .gnu.linkonce.armextab.*)
 .ARM.extab.text.main
                0x08001ee0        0xc build/main.o
 .ARM.extab     0x08001eec       0x18 c:/dev/embedded/arm_toolchain/gcc-arm-none-eabi-10.3-2021.07/bin/../lib/gcc/arm-none-eabi/10.3.1/thumb/v7e-m+fp/hard\libgcc.a(pr-support.o)

.ARM            0x08001f04       0xd0
                0x08001f04                __exidx_start = .
 *(.ARM.exidx*)
 .ARM.exidx.text.Error_Handler
                0x08001fbc        0x0 build/main.o
                                  0x8 (size before relaxing)
 .ARM.exidx.text._Z18SystemClock_Configv
                0x08001fbc        0x8 build/main.o
 .ARM.exidx.text.main
                0x08001fc4       0x10 build/main.o
                                  0x8 (size before relaxing)
 .ARM.exidx     0x08001f04        0x8 c:/dev/embedded/arm_toolchain/gcc-arm-none-eabi-10.3-2021.07/bin/../lib/gcc/arm-none-eabi/10.3.1/thumb/v7e-m+fp/hard\libgcc.a(_udivmoddi4.o)
 .ARM.exidx     0x08001f0c       0x78 c:/dev/embedded/arm_toolchain/gcc-arm-none-eabi-10.3-2021.07/bin/../lib/gcc/arm-none-eabi/10.3.1/thumb/v7e-m+fp/hard\libgcc.a(unwind-arm.o)
                                 0xd8 (size before relaxing)
 .ARM.exidx     0x08001f84       0x38 c:/dev/embedded/arm_toolchain/gcc-arm-none-eabi-10.3-2021.07/bin/../lib/gcc/arm-none-eabi/10.3.1/thumb/v7e-m+fp/hard\libgcc.a(pr-support.o)
                0x08001fd4                __exidx_end = .

.rel.dyn        0x08001fd4        0x0
 .rel.iplt      0x08001fd4        0x0 c:/dev/embedded/arm_toolchain/gcc-arm-none-eabi-10.3-2021.07/bin/../lib/gcc/arm-none-eabi/10.3.1/thumb/v7e-m+fp/hard/crtbegin.o

.preinit_array  0x08001fd4        0x0
                0x08001fd4                PROVIDE (__preinit_array_start = .)
 *(.preinit_array*)
                0x08001fd4                PROVIDE (__preinit_array_end = .)

.init_array     0x08001fd4        0x4
                0x08001fd4                PROVIDE (__init_array_start = .)
 *(SORT_BY_NAME(.init_array.*))
 *(.init_array*)
 .init_array    0x08001fd4        0x4 c:/dev/embedded/arm_toolchain/gcc-arm-none-eabi-10.3-2021.07/bin/../lib/gcc/arm-none-eabi/10.3.1/thumb/v7e-m+fp/hard/crtbegin.o
                0x08001fd8                PROVIDE (__init_array_end = .)

.fini_array     0x08001fd8        0x4
                [!provide]                PROVIDE (__fini_array_start = .)
 *(SORT_BY_NAME(.fini_array.*))
 *(.fini_array*)
 .fini_array    0x08001fd8        0x4 c:/dev/embedded/arm_toolchain/gcc-arm-none-eabi-10.3-2021.07/bin/../lib/gcc/arm-none-eabi/10.3.1/thumb/v7e-m+fp/hard/crtbegin.o
                [!provide]                PROVIDE (__fini_array_end = .)
                0x08001fdc                _sidata = LOADADDR (.data)

.data           0x20000000       0x70 load address 0x08001fdc
                0x20000000                . = ALIGN (0x4)
                0x20000000                _sdata = .
 *(.data)
 *(.data*)
 .data.SystemCoreClock
                0x20000000        0x4 build/system_stm32f4xx.o
                0x20000000                SystemCoreClock
 .data.uwTickFreq
                0x20000004        0x1 build/stm32f4xx_hal.o
                0x20000004                uwTickFreq
 *fill*         0x20000005        0x3 
 .data.uwTickPrio
                0x20000008        0x4 build/stm32f4xx_hal.o
                0x20000008                uwTickPrio
 .data._impure_ptr
                0x2000000c        0x4 c:/dev/embedded/arm_toolchain/gcc-arm-none-eabi-10.3-2021.07/bin/../lib/gcc/arm-none-eabi/10.3.1/../../../../arm-none-eabi/lib/thumb/v7e-m+fp/hard\libc_nano.a(lib_a-impure.o)
                0x2000000c                _impure_ptr
 .data.impure_data
                0x20000010       0x60 c:/dev/embedded/arm_toolchain/gcc-arm-none-eabi-10.3-2021.07/bin/../lib/gcc/arm-none-eabi/10.3.1/../../../../arm-none-eabi/lib/thumb/v7e-m+fp/hard\libc_nano.a(lib_a-impure.o)
                0x20000070                . = ALIGN (0x4)
                0x20000070                _edata = .
                0x0800204c                _siccmram = LOADADDR (.ccmram)

.igot.plt       0x20000070        0x0 load address 0x0800204c
 .igot.plt      0x20000070        0x0 c:/dev/embedded/arm_toolchain/gcc-arm-none-eabi-10.3-2021.07/bin/../lib/gcc/arm-none-eabi/10.3.1/thumb/v7e-m+fp/hard/crtbegin.o

.ccmram         0x10000000        0x0 load address 0x0800204c
                0x10000000                . = ALIGN (0x4)
                0x10000000                _sccmram = .
 *(.ccmram)
 *(.ccmram*)
                0x10000000                . = ALIGN (0x4)
                0x10000000                _eccmram = .
                0x10000000                . = ALIGN (0x4)

.bss            0x20000070       0x28
                0x20000070                _sbss = .
                0x20000070                __bss_start__ = _sbss
 *(.bss)
 .bss           0x20000070       0x1c c:/dev/embedded/arm_toolchain/gcc-arm-none-eabi-10.3-2021.07/bin/../lib/gcc/arm-none-eabi/10.3.1/thumb/v7e-m+fp/hard/crtbegin.o
 *(.bss*)
 .bss.timeBaseOverflow
                0x2000008c        0x4 build/timer.o
                0x2000008c                timeBaseOverflow
 .bss.uwTick    0x20000090        0x4 build/stm32f4xx_hal.o
                0x20000090                uwTick
 .bss.errno     0x20000094        0x4 c:/dev/embedded/arm_toolchain/gcc-arm-none-eabi-10.3-2021.07/bin/../lib/gcc/arm-none-eabi/10.3.1/../../../../arm-none-eabi/lib/thumb/v7e-m+fp/hard\libc_nano.a(lib_a-reent.o)
                0x20000094                errno
 *(COMMON)
                0x20000098                . = ALIGN (0x4)
                0x20000098                _ebss = .
                0x20000098                __bss_end__ = _ebss

._user_heap_stack
                0x20000098      0x600
                0x20000098                . = ALIGN (0x8)
                0x20000098                PROVIDE (end = .)
                [!provide]                PROVIDE (_end = .)
                0x20000298                . = (. + _Min_Heap_Size)
 *fill*         0x20000098      0x200 
                0x20000698                . = (. + _Min_Stack_Size)
 *fill*         0x20000298      0x400 
                0x20000698                . = ALIGN (0x8)

/DISCARD/
 libc.a(*)
 libm.a(*)
 libgcc.a(*)

.ARM.attributes
                0x00000000       0x30
 *(.ARM.attributes)
 .ARM.attributes
                0x00000000       0x1e c:/dev/embedded/arm_toolchain/gcc-arm-none-eabi-10.3-2021.07/bin/../lib/gcc/arm-none-eabi/10.3.1/thumb/v7e-m+fp/hard/crti.o
 .ARM.attributes
                0x0000001e       0x34 c:/dev/embedded/arm_toolchain/gcc-arm-none-eabi-10.3-2021.07/bin/../lib/gcc/arm-none-eabi/10.3.1/thumb/v7e-m+fp/hard/crtbegin.o
 .ARM.attributes
                0x00000052       0x34 build/gpio.o
 .ARM.attributes
                0x00000086       0x34 build/stm32f4xx_hal_msp.o
 .ARM.attributes
                0x000000ba       0x34 build/stm32f4xx_it.o
 .ARM.attributes
                0x000000ee       0x34 build/system_stm32f4xx.o
 .ARM.attributes
                0x00000122       0x34 build/timer.o
 .ARM.attributes
                0x00000156       0x34 build/stm32f4xx_hal.o
 .ARM.attributes
                0x0000018a       0x34 build/stm32f4xx_hal_cortex.o
 .ARM.attributes
                0x000001be       0x34 build/stm32f4xx_hal_rcc.o
 .ARM.attributes
                0x000001f2       0x34 build/main.o
 .ARM.attributes
                0x00000226       0x21 build/startup_stm32f417xx.o
 .ARM.attributes
                0x00000247       0x32 c:/dev/embedded/arm_toolchain/gcc-arm-none-eabi-10.3-2021.07/bin/../lib/gcc/arm-none-eabi/10.3.1/../../../../arm-none-eabi/lib/thumb/v7e-m+fp/hard\libc_nano.a(lib_a-impure.o)
 .ARM.attributes
                0x00000279       0x34 c:/dev/embedded/arm_toolchain/gcc-arm-none-eabi-10.3-2021.07/bin/../lib/gcc/arm-none-eabi/10.3.1/../../../../arm-none-eabi/lib/thumb/v7e-m+fp/hard\libc_nano.a(lib_a-init.o)
 .ARM.attributes
                0x000002ad       0x34 c:/dev/embedded/arm_toolchain/gcc-arm-none-eabi-10.3-2021.07/bin/../lib/gcc/arm-none-eabi/10.3.1/../../../../arm-none-eabi/lib/thumb/v7e-m+fp/hard\libc_nano.a(lib_a-memset.o)
 .ARM.attributes
                0x000002e1       0x34 c:/dev/embedded/arm_toolchain/gcc-arm-none-eabi-10.3-2021.07/bin/../lib/gcc/arm-none-eabi/10.3.1/../../../../arm-none-eabi/lib/thumb/v7e-m+fp/hard\libc_nano.a(lib_a-abort.o)
 .ARM.attributes
                0x00000315       0x34 c:/dev/embedded/arm_toolchain/gcc-arm-none-eabi-10.3-2021.07/bin/../lib/gcc/arm-none-eabi/10.3.1/../../../../arm-none-eabi/lib/thumb/v7e-m+fp/hard\libc_nano.a(lib_a-findfp.o)
 .ARM.attributes
                0x00000349       0x34 c:/dev/embedded/arm_toolchain/gcc-arm-none-eabi-10.3-2021.07/bin/../lib/gcc/arm-none-eabi/10.3.1/../../../../arm-none-eabi/lib/thumb/v7e-m+fp/hard\libc_nano.a(lib_a-memcpy-stub.o)
 .ARM.attributes
                0x0000037d       0x34 c:/dev/embedded/arm_toolchain/gcc-arm-none-eabi-10.3-2021.07/bin/../lib/gcc/arm-none-eabi/10.3.1/../../../../arm-none-eabi/lib/thumb/v7e-m+fp/hard\libc_nano.a(lib_a-signal.o)
 .ARM.attributes
                0x000003b1       0x34 c:/dev/embedded/arm_toolchain/gcc-arm-none-eabi-10.3-2021.07/bin/../lib/gcc/arm-none-eabi/10.3.1/../../../../arm-none-eabi/lib/thumb/v7e-m+fp/hard\libc_nano.a(lib_a-signalr.o)
 .ARM.attributes
                0x000003e5       0x34 c:/dev/embedded/arm_toolchain/gcc-arm-none-eabi-10.3-2021.07/bin/../lib/gcc/arm-none-eabi/10.3.1/../../../../arm-none-eabi/lib/thumb/v7e-m+fp/hard\libc_nano.a(lib_a-reent.o)
 .ARM.attributes
                0x00000419       0x34 c:/dev/embedded/arm_toolchain/gcc-arm-none-eabi-10.3-2021.07/bin/../lib/gcc/arm-none-eabi/10.3.1/../../../../arm-none-eabi/lib/thumb/v7e-m+fp/hard\libnosys.a(getpid.o)
 .ARM.attributes
                0x0000044d       0x34 c:/dev/embedded/arm_toolchain/gcc-arm-none-eabi-10.3-2021.07/bin/../lib/gcc/arm-none-eabi/10.3.1/../../../../arm-none-eabi/lib/thumb/v7e-m+fp/hard\libnosys.a(kill.o)
 .ARM.attributes
                0x00000481       0x34 c:/dev/embedded/arm_toolchain/gcc-arm-none-eabi-10.3-2021.07/bin/../lib/gcc/arm-none-eabi/10.3.1/../../../../arm-none-eabi/lib/thumb/v7e-m+fp/hard\libnosys.a(_exit.o)
 .ARM.attributes
                0x000004b5       0x1e c:/dev/embedded/arm_toolchain/gcc-arm-none-eabi-10.3-2021.07/bin/../lib/gcc/arm-none-eabi/10.3.1/thumb/v7e-m+fp/hard\libgcc.a(_aeabi_uldivmod.o)
 .ARM.attributes
                0x000004d3       0x34 c:/dev/embedded/arm_toolchain/gcc-arm-none-eabi-10.3-2021.07/bin/../lib/gcc/arm-none-eabi/10.3.1/thumb/v7e-m+fp/hard\libgcc.a(_udivmoddi4.o)
 .ARM.attributes
                0x00000507       0x34 c:/dev/embedded/arm_toolchain/gcc-arm-none-eabi-10.3-2021.07/bin/../lib/gcc/arm-none-eabi/10.3.1/thumb/v7e-m+fp/hard\libgcc.a(unwind-arm.o)
 .ARM.attributes
                0x0000053b       0x1e c:/dev/embedded/arm_toolchain/gcc-arm-none-eabi-10.3-2021.07/bin/../lib/gcc/arm-none-eabi/10.3.1/thumb/v7e-m+fp/hard\libgcc.a(libunwind.o)
 .ARM.attributes
                0x00000559       0x34 c:/dev/embedded/arm_toolchain/gcc-arm-none-eabi-10.3-2021.07/bin/../lib/gcc/arm-none-eabi/10.3.1/thumb/v7e-m+fp/hard\libgcc.a(pr-support.o)
 .ARM.attributes
                0x0000058d       0x1e c:/dev/embedded/arm_toolchain/gcc-arm-none-eabi-10.3-2021.07/bin/../lib/gcc/arm-none-eabi/10.3.1/thumb/v7e-m+fp/hard\libgcc.a(_dvmd_tls.o)
 .ARM.attributes
                0x000005ab       0x1e c:/dev/embedded/arm_toolchain/gcc-arm-none-eabi-10.3-2021.07/bin/../lib/gcc/arm-none-eabi/10.3.1/thumb/v7e-m+fp/hard/crtn.o
OUTPUT(build/snippets_F417VG.elf elf32-littlearm)
LOAD linker stubs
LOAD c:/dev/embedded/arm_toolchain/gcc-arm-none-eabi-10.3-2021.07/bin/../lib/gcc/arm-none-eabi/10.3.1/../../../../arm-none-eabi/lib/thumb/v7e-m+fp/hard\libc.a
LOAD c:/dev/embedded/arm_toolchain/gcc-arm-none-eabi-10.3-2021.07/bin/../lib/gcc/arm-none-eabi/10.3.1/../../../../arm-none-eabi/lib/thumb/v7e-m+fp/hard\libm.a
LOAD c:/dev/embedded/arm_toolchain/gcc-arm-none-eabi-10.3-2021.07/bin/../lib/gcc/arm-none-eabi/10.3.1/thumb/v7e-m+fp/hard\libgcc.a

.debug_info     0x00000000     0x4548
 .debug_info    0x00000000      0x2eb build/gpio.o
 .debug_info    0x000002eb      0x2eb build/stm32f4xx_hal_msp.o
 .debug_info    0x000005d6      0x15a build/stm32f4xx_it.o
 .debug_info    0x00000730      0x5b3 build/system_stm32f4xx.o
 .debug_info    0x00000ce3      0x9f2 build/timer.o
 .debug_info    0x000016d5      0xad5 build/stm32f4xx_hal.o
 .debug_info    0x000021aa     0x117a build/stm32f4xx_hal_cortex.o
 .debug_info    0x00003324      0xbe6 build/stm32f4xx_hal_rcc.o
 .debug_info    0x00003f0a      0x61c build/main.o
 .debug_info    0x00004526       0x22 build/startup_stm32f417xx.o

.debug_abbrev   0x00000000      0xf6a
 .debug_abbrev  0x00000000       0xd3 build/gpio.o
 .debug_abbrev  0x000000d3       0xd3 build/stm32f4xx_hal_msp.o
 .debug_abbrev  0x000001a6       0x81 build/stm32f4xx_it.o
 .debug_abbrev  0x00000227      0x11b build/system_stm32f4xx.o
 .debug_abbrev  0x00000342      0x202 build/timer.o
 .debug_abbrev  0x00000544      0x209 build/stm32f4xx_hal.o
 .debug_abbrev  0x0000074d      0x382 build/stm32f4xx_hal_cortex.o
 .debug_abbrev  0x00000acf      0x2aa build/stm32f4xx_hal_rcc.o
 .debug_abbrev  0x00000d79      0x1df build/main.o
 .debug_abbrev  0x00000f58       0x12 build/startup_stm32f417xx.o

.debug_loc      0x00000000     0x16f1
 .debug_loc     0x00000000       0x2c build/gpio.o
 .debug_loc     0x0000002c       0x2c build/stm32f4xx_hal_msp.o
 .debug_loc     0x00000058       0x20 build/stm32f4xx_it.o
 .debug_loc     0x00000078      0x158 build/system_stm32f4xx.o
 .debug_loc     0x000001d0      0x436 build/timer.o
 .debug_loc     0x00000606      0x1e1 build/stm32f4xx_hal.o
 .debug_loc     0x000007e7      0x7a4 build/stm32f4xx_hal_cortex.o
 .debug_loc     0x00000f8b      0x700 build/stm32f4xx_hal_rcc.o
 .debug_loc     0x0000168b       0x66 build/main.o

.debug_aranges  0x00000000      0x408
 .debug_aranges
                0x00000000       0x20 build/gpio.o
 .debug_aranges
                0x00000020       0x20 build/stm32f4xx_hal_msp.o
 .debug_aranges
                0x00000040       0x60 build/stm32f4xx_it.o
 .debug_aranges
                0x000000a0       0x28 build/system_stm32f4xx.o
 .debug_aranges
                0x000000c8       0xc8 build/timer.o
 .debug_aranges
                0x00000190       0xf0 build/stm32f4xx_hal.o
 .debug_aranges
                0x00000280       0xa8 build/stm32f4xx_hal_cortex.o
 .debug_aranges
                0x00000328       0x88 build/stm32f4xx_hal_rcc.o
 .debug_aranges
                0x000003b0       0x30 build/main.o
 .debug_aranges
                0x000003e0       0x28 build/startup_stm32f417xx.o

.debug_ranges   0x00000000      0x3e8
 .debug_ranges  0x00000000       0x10 build/gpio.o
 .debug_ranges  0x00000010       0x10 build/stm32f4xx_hal_msp.o
 .debug_ranges  0x00000020       0x50 build/stm32f4xx_it.o
 .debug_ranges  0x00000070       0x18 build/system_stm32f4xx.o
 .debug_ranges  0x00000088       0xb8 build/timer.o
 .debug_ranges  0x00000140       0xe0 build/stm32f4xx_hal.o
 .debug_ranges  0x00000220       0xf8 build/stm32f4xx_hal_cortex.o
 .debug_ranges  0x00000318       0x90 build/stm32f4xx_hal_rcc.o
 .debug_ranges  0x000003a8       0x20 build/main.o
 .debug_ranges  0x000003c8       0x20 build/startup_stm32f417xx.o

.debug_line     0x00000000     0x2a3b
 .debug_line    0x00000000      0x161 build/gpio.o
 .debug_line    0x00000161      0x16f build/stm32f4xx_hal_msp.o
 .debug_line    0x000002d0      0x177 build/stm32f4xx_it.o
 .debug_line    0x00000447      0x264 build/system_stm32f4xx.o
 .debug_line    0x000006ab      0x7df build/timer.o
 .debug_line    0x00000e8a      0x579 build/stm32f4xx_hal.o
 .debug_line    0x00001403      0x78c build/stm32f4xx_hal_cortex.o
 .debug_line    0x00001b8f      0xb1f build/stm32f4xx_hal_rcc.o
 .debug_line    0x000026ae      0x317 build/main.o
 .debug_line    0x000029c5       0x76 build/startup_stm32f417xx.o

.debug_str      0x00000000     0x1889
 .debug_str     0x00000000      0x244 build/gpio.o
                                0x292 (size before relaxing)
 .debug_str     0x00000244       0x29 build/stm32f4xx_hal_msp.o
                                0x29e (size before relaxing)
 .debug_str     0x0000026d       0xb4 build/stm32f4xx_it.o
                                0x212 (size before relaxing)
 .debug_str     0x00000321       0xe2 build/system_stm32f4xx.o
                                0x358 (size before relaxing)
 .debug_str     0x00000403      0x2b3 build/timer.o
                                0x53f (size before relaxing)
 .debug_str     0x000006b6      0x894 build/stm32f4xx_hal.o
                                0xb4c (size before relaxing)
 .debug_str     0x00000f4a      0x472 build/stm32f4xx_hal_cortex.o
                                0xc1e (size before relaxing)
 .debug_str     0x000013bc      0x312 build/stm32f4xx_hal_rcc.o
                                0x6e9 (size before relaxing)
 .debug_str     0x000016ce      0x197 build/main.o
                                0x50e (size before relaxing)
 .debug_str     0x00001865       0x24 build/startup_stm32f417xx.o
                                 0x4d (size before relaxing)

.comment        0x00000000       0x49
 .comment       0x00000000       0x49 build/gpio.o
                                 0x4a (size before relaxing)
 .comment       0x00000049       0x4a build/stm32f4xx_hal_msp.o
 .comment       0x00000049       0x4a build/stm32f4xx_it.o
 .comment       0x00000049       0x4a build/system_stm32f4xx.o
 .comment       0x00000049       0x4a build/timer.o
 .comment       0x00000049       0x4a build/stm32f4xx_hal.o
 .comment       0x00000049       0x4a build/stm32f4xx_hal_cortex.o
 .comment       0x00000049       0x4a build/stm32f4xx_hal_rcc.o
 .comment       0x00000049       0x4a build/main.o

.debug_frame    0x00000000      0xfb0
 .debug_frame   0x00000000       0x28 build/gpio.o
 .debug_frame   0x00000028       0x28 build/stm32f4xx_hal_msp.o
 .debug_frame   0x00000050       0xa8 build/stm32f4xx_it.o
 .debug_frame   0x000000f8       0x30 build/system_stm32f4xx.o
 .debug_frame   0x00000128      0x1ac build/timer.o
 .debug_frame   0x000002d4      0x1ec build/stm32f4xx_hal.o
 .debug_frame   0x000004c0      0x148 build/stm32f4xx_hal_cortex.o
 .debug_frame   0x00000608      0x16c build/stm32f4xx_hal_rcc.o
 .debug_frame   0x00000774       0x58 build/main.o
 .debug_frame   0x000007cc       0x2c c:/dev/embedded/arm_toolchain/gcc-arm-none-eabi-10.3-2021.07/bin/../lib/gcc/arm-none-eabi/10.3.1/../../../../arm-none-eabi/lib/thumb/v7e-m+fp/hard\libc_nano.a(lib_a-init.o)
 .debug_frame   0x000007f8       0x20 c:/dev/embedded/arm_toolchain/gcc-arm-none-eabi-10.3-2021.07/bin/../lib/gcc/arm-none-eabi/10.3.1/../../../../arm-none-eabi/lib/thumb/v7e-m+fp/hard\libc_nano.a(lib_a-memset.o)
 .debug_frame   0x00000818       0x28 c:/dev/embedded/arm_toolchain/gcc-arm-none-eabi-10.3-2021.07/bin/../lib/gcc/arm-none-eabi/10.3.1/../../../../arm-none-eabi/lib/thumb/v7e-m+fp/hard\libc_nano.a(lib_a-abort.o)
 .debug_frame   0x00000840      0x14c c:/dev/embedded/arm_toolchain/gcc-arm-none-eabi-10.3-2021.07/bin/../lib/gcc/arm-none-eabi/10.3.1/../../../../arm-none-eabi/lib/thumb/v7e-m+fp/hard\libc_nano.a(lib_a-findfp.o)
 .debug_frame   0x0000098c       0x28 c:/dev/embedded/arm_toolchain/gcc-arm-none-eabi-10.3-2021.07/bin/../lib/gcc/arm-none-eabi/10.3.1/../../../../arm-none-eabi/lib/thumb/v7e-m+fp/hard\libc_nano.a(lib_a-memcpy-stub.o)
 .debug_frame   0x000009b4       0xcc c:/dev/embedded/arm_toolchain/gcc-arm-none-eabi-10.3-2021.07/bin/../lib/gcc/arm-none-eabi/10.3.1/../../../../arm-none-eabi/lib/thumb/v7e-m+fp/hard\libc_nano.a(lib_a-signal.o)
 .debug_frame   0x00000a80       0x3c c:/dev/embedded/arm_toolchain/gcc-arm-none-eabi-10.3-2021.07/bin/../lib/gcc/arm-none-eabi/10.3.1/../../../../arm-none-eabi/lib/thumb/v7e-m+fp/hard\libc_nano.a(lib_a-signalr.o)
 .debug_frame   0x00000abc       0x5c c:/dev/embedded/arm_toolchain/gcc-arm-none-eabi-10.3-2021.07/bin/../lib/gcc/arm-none-eabi/10.3.1/../../../../arm-none-eabi/lib/thumb/v7e-m+fp/hard\libc_nano.a(lib_a-reent.o)
 .debug_frame   0x00000b18       0x20 c:/dev/embedded/arm_toolchain/gcc-arm-none-eabi-10.3-2021.07/bin/../lib/gcc/arm-none-eabi/10.3.1/../../../../arm-none-eabi/lib/thumb/v7e-m+fp/hard\libnosys.a(getpid.o)
 .debug_frame   0x00000b38       0x20 c:/dev/embedded/arm_toolchain/gcc-arm-none-eabi-10.3-2021.07/bin/../lib/gcc/arm-none-eabi/10.3.1/../../../../arm-none-eabi/lib/thumb/v7e-m+fp/hard\libnosys.a(kill.o)
 .debug_frame   0x00000b58       0x20 c:/dev/embedded/arm_toolchain/gcc-arm-none-eabi-10.3-2021.07/bin/../lib/gcc/arm-none-eabi/10.3.1/../../../../arm-none-eabi/lib/thumb/v7e-m+fp/hard\libnosys.a(_exit.o)
 .debug_frame   0x00000b78       0x2c c:/dev/embedded/arm_toolchain/gcc-arm-none-eabi-10.3-2021.07/bin/../lib/gcc/arm-none-eabi/10.3.1/thumb/v7e-m+fp/hard\libgcc.a(_aeabi_uldivmod.o)
 .debug_frame   0x00000ba4       0x34 c:/dev/embedded/arm_toolchain/gcc-arm-none-eabi-10.3-2021.07/bin/../lib/gcc/arm-none-eabi/10.3.1/thumb/v7e-m+fp/hard\libgcc.a(_udivmoddi4.o)
 .debug_frame   0x00000bd8      0x2d4 c:/dev/embedded/arm_toolchain/gcc-arm-none-eabi-10.3-2021.07/bin/../lib/gcc/arm-none-eabi/10.3.1/thumb/v7e-m+fp/hard\libgcc.a(unwind-arm.o)
 .debug_frame   0x00000eac      0x104 c:/dev/embedded/arm_toolchain/gcc-arm-none-eabi-10.3-2021.07/bin/../lib/gcc/arm-none-eabi/10.3.1/thumb/v7e-m+fp/hard\libgcc.a(pr-support.o)

.stabstr        0x00000000      0x1b9
 .stabstr       0x00000000      0x1b9 c:/dev/embedded/arm_toolchain/gcc-arm-none-eabi-10.3-2021.07/bin/../lib/gcc/arm-none-eabi/10.3.1/../../../../arm-none-eabi/lib/thumb/v7e-m+fp/hard\libnosys.a(close.o)

.stab           0x00000000       0x30
 .stab          0x00000000       0x18 c:/dev/embedded/arm_toolchain/gcc-arm-none-eabi-10.3-2021.07/bin/../lib/gcc/arm-none-eabi/10.3.1/../../../../arm-none-eabi/lib/thumb/v7e-m+fp/hard\libnosys.a(getpid.o)
                                 0x24 (size before relaxing)
 .stab          0x00000018       0x18 c:/dev/embedded/arm_toolchain/gcc-arm-none-eabi-10.3-2021.07/bin/../lib/gcc/arm-none-eabi/10.3.1/../../../../arm-none-eabi/lib/thumb/v7e-m+fp/hard\libnosys.a(kill.o)
                                 0x24 (size before relaxing)

Cross Reference Table

Symbol                                            File
ADC_IRQHandler                                    build/startup_stm32f417xx.o
AHBPrescTable                                     build/system_stm32f4xx.o
                                                  build/stm32f4xx_hal_rcc.o
APBPrescTable                                     build/system_stm32f4xx.o
                                                  build/stm32f4xx_hal_rcc.o
BusFault_Handler                                  build/stm32f4xx_it.o
CAN1_RX0_IRQHandler                               build/startup_stm32f417xx.o
CAN1_RX1_IRQHandler                               build/startup_stm32f417xx.o
CAN1_SCE_IRQHandler                               build/startup_stm32f417xx.o
CAN1_TX_IRQHandler                                build/startup_stm32f417xx.o
CAN2_RX0_IRQHandler                               build/startup_stm32f417xx.o
CAN2_RX1_IRQHandler                               build/startup_stm32f417xx.o
CAN2_SCE_IRQHandler                               build/startup_stm32f417xx.o
CAN2_TX_IRQHandler                                build/startup_stm32f417xx.o
CRYP_IRQHandler                                   build/startup_stm32f417xx.o
DCMI_IRQHandler                                   build/startup_stm32f417xx.o
DMA1_Stream0_IRQHandler                           build/startup_stm32f417xx.o
DMA1_Stream1_IRQHandler                           build/startup_stm32f417xx.o
DMA1_Stream2_IRQHandler                           build/startup_stm32f417xx.o
DMA1_Stream3_IRQHandler                           build/startup_stm32f417xx.o
DMA1_Stream4_IRQHandler                           build/startup_stm32f417xx.o
DMA1_Stream5_IRQHandler                           build/startup_stm32f417xx.o
DMA1_Stream6_IRQHandler                           build/startup_stm32f417xx.o
DMA1_Stream7_IRQHandler                           build/startup_stm32f417xx.o
DMA2_Stream0_IRQHandler                           build/startup_stm32f417xx.o
DMA2_Stream1_IRQHandler                           build/startup_stm32f417xx.o
DMA2_Stream2_IRQHandler                           build/startup_stm32f417xx.o
DMA2_Stream3_IRQHandler                           build/startup_stm32f417xx.o
DMA2_Stream4_IRQHandler                           build/startup_stm32f417xx.o
DMA2_Stream5_IRQHandler                           build/startup_stm32f417xx.o
DMA2_Stream6_IRQHandler                           build/startup_stm32f417xx.o
DMA2_Stream7_IRQHandler                           build/startup_stm32f417xx.o
DebugMon_Handler                                  build/stm32f4xx_it.o
Default_Handler                                   build/startup_stm32f417xx.o
ETH_IRQHandler                                    build/startup_stm32f417xx.o
ETH_WKUP_IRQHandler                               build/startup_stm32f417xx.o
EXTI0_IRQHandler                                  build/startup_stm32f417xx.o
EXTI15_10_IRQHandler                              build/startup_stm32f417xx.o
EXTI1_IRQHandler                                  build/startup_stm32f417xx.o
EXTI2_IRQHandler                                  build/startup_stm32f417xx.o
EXTI3_IRQHandler                                  build/startup_stm32f417xx.o
EXTI4_IRQHandler                                  build/startup_stm32f417xx.o
EXTI9_5_IRQHandler                                build/startup_stm32f417xx.o
Error_Handler                                     build/main.o
FLASH_Erase_Sector                                build/stm32f4xx_hal_flash_ex.o
                                                  build/stm32f4xx_hal_flash.o
FLASH_FlushCaches                                 build/stm32f4xx_hal_flash_ex.o
                                                  build/stm32f4xx_hal_flash.o
FLASH_IRQHandler                                  build/startup_stm32f417xx.o
FLASH_WaitForLastOperation                        build/stm32f4xx_hal_flash.o
                                                  build/stm32f4xx_hal_flash_ex.o
FPU_IRQHandler                                    build/startup_stm32f417xx.o
FSMC_IRQHandler                                   build/startup_stm32f417xx.o
HAL_DBGMCU_DisableDBGSleepMode                    build/stm32f4xx_hal.o
HAL_DBGMCU_DisableDBGStandbyMode                  build/stm32f4xx_hal.o
HAL_DBGMCU_DisableDBGStopMode                     build/stm32f4xx_hal.o
HAL_DBGMCU_EnableDBGSleepMode                     build/stm32f4xx_hal.o
HAL_DBGMCU_EnableDBGStandbyMode                   build/stm32f4xx_hal.o
HAL_DBGMCU_EnableDBGStopMode                      build/stm32f4xx_hal.o
HAL_DMAEx_ChangeMemory                            build/stm32f4xx_hal_dma_ex.o
HAL_DMAEx_MultiBufferStart                        build/stm32f4xx_hal_dma_ex.o
HAL_DMAEx_MultiBufferStart_IT                     build/stm32f4xx_hal_dma_ex.o
HAL_DMA_Abort                                     build/stm32f4xx_hal_dma.o
HAL_DMA_Abort_IT                                  build/stm32f4xx_hal_dma.o
HAL_DMA_DeInit                                    build/stm32f4xx_hal_dma.o
HAL_DMA_GetError                                  build/stm32f4xx_hal_dma.o
HAL_DMA_GetState                                  build/stm32f4xx_hal_dma.o
HAL_DMA_IRQHandler                                build/stm32f4xx_hal_dma.o
HAL_DMA_Init                                      build/stm32f4xx_hal_dma.o
HAL_DMA_PollForTransfer                           build/stm32f4xx_hal_dma.o
HAL_DMA_RegisterCallback                          build/stm32f4xx_hal_dma.o
HAL_DMA_Start                                     build/stm32f4xx_hal_dma.o
HAL_DMA_Start_IT                                  build/stm32f4xx_hal_dma.o
HAL_DMA_UnRegisterCallback                        build/stm32f4xx_hal_dma.o
HAL_DeInit                                        build/stm32f4xx_hal.o
HAL_Delay                                         build/stm32f4xx_hal.o
HAL_DisableCompensationCell                       build/stm32f4xx_hal.o
HAL_EXTI_ClearConfigLine                          build/stm32f4xx_hal_exti.o
HAL_EXTI_ClearPending                             build/stm32f4xx_hal_exti.o
HAL_EXTI_GenerateSWI                              build/stm32f4xx_hal_exti.o
HAL_EXTI_GetConfigLine                            build/stm32f4xx_hal_exti.o
HAL_EXTI_GetHandle                                build/stm32f4xx_hal_exti.o
HAL_EXTI_GetPending                               build/stm32f4xx_hal_exti.o
HAL_EXTI_IRQHandler                               build/stm32f4xx_hal_exti.o
HAL_EXTI_RegisterCallback                         build/stm32f4xx_hal_exti.o
HAL_EXTI_SetConfigLine                            build/stm32f4xx_hal_exti.o
HAL_EnableCompensationCell                        build/stm32f4xx_hal.o
HAL_FLASHEx_Erase                                 build/stm32f4xx_hal_flash_ex.o
HAL_FLASHEx_Erase_IT                              build/stm32f4xx_hal_flash_ex.o
HAL_FLASHEx_OBGetConfig                           build/stm32f4xx_hal_flash_ex.o
HAL_FLASHEx_OBProgram                             build/stm32f4xx_hal_flash_ex.o
HAL_FLASH_EndOfOperationCallback                  build/stm32f4xx_hal_flash.o
HAL_FLASH_GetError                                build/stm32f4xx_hal_flash.o
HAL_FLASH_IRQHandler                              build/stm32f4xx_hal_flash.o
HAL_FLASH_Lock                                    build/stm32f4xx_hal_flash.o
HAL_FLASH_OB_Launch                               build/stm32f4xx_hal_flash.o
HAL_FLASH_OB_Lock                                 build/stm32f4xx_hal_flash.o
HAL_FLASH_OB_Unlock                               build/stm32f4xx_hal_flash.o
HAL_FLASH_OperationErrorCallback                  build/stm32f4xx_hal_flash.o
HAL_FLASH_Program                                 build/stm32f4xx_hal_flash.o
HAL_FLASH_Program_IT                              build/stm32f4xx_hal_flash.o
HAL_FLASH_Unlock                                  build/stm32f4xx_hal_flash.o
HAL_GPIO_DeInit                                   build/stm32f4xx_hal_gpio.o
HAL_GPIO_EXTI_Callback                            build/stm32f4xx_hal_gpio.o
HAL_GPIO_EXTI_IRQHandler                          build/stm32f4xx_hal_gpio.o
HAL_GPIO_Init                                     build/stm32f4xx_hal_gpio.o
                                                  build/stm32f4xx_hal_rcc.o
HAL_GPIO_LockPin                                  build/stm32f4xx_hal_gpio.o
HAL_GPIO_ReadPin                                  build/stm32f4xx_hal_gpio.o
HAL_GPIO_TogglePin                                build/stm32f4xx_hal_gpio.o
HAL_GPIO_WritePin                                 build/stm32f4xx_hal_gpio.o
HAL_GetDEVID                                      build/stm32f4xx_hal.o
HAL_GetHalVersion                                 build/stm32f4xx_hal.o
HAL_GetREVID                                      build/stm32f4xx_hal.o
HAL_GetTick                                       build/stm32f4xx_hal.o
                                                  build/stm32f4xx_hal_rcc_ex.o
                                                  build/stm32f4xx_hal_rcc.o
                                                  build/stm32f4xx_hal_pwr_ex.o
                                                  build/stm32f4xx_hal_flash.o
                                                  build/stm32f4xx_hal_dma.o
HAL_GetTickFreq                                   build/stm32f4xx_hal.o
HAL_GetTickPrio                                   build/stm32f4xx_hal.o
HAL_GetUIDw0                                      build/stm32f4xx_hal.o
HAL_GetUIDw1                                      build/stm32f4xx_hal.o
HAL_GetUIDw2                                      build/stm32f4xx_hal.o
HAL_IncTick                                       build/stm32f4xx_hal.o
                                                  build/stm32f4xx_it.o
HAL_Init                                          build/stm32f4xx_hal.o
                                                  build/main.o
HAL_InitTick                                      build/stm32f4xx_hal.o
                                                  build/stm32f4xx_hal_rcc_ex.o
                                                  build/stm32f4xx_hal_rcc.o
HAL_MPU_ConfigRegion                              build/stm32f4xx_hal_cortex.o
HAL_MPU_Disable                                   build/stm32f4xx_hal_cortex.o
HAL_MPU_Enable                                    build/stm32f4xx_hal_cortex.o
HAL_MspDeInit                                     build/stm32f4xx_hal.o
HAL_MspInit                                       build/stm32f4xx_hal_msp.o
HAL_NVIC_ClearPendingIRQ                          build/stm32f4xx_hal_cortex.o
HAL_NVIC_DisableIRQ                               build/stm32f4xx_hal_cortex.o
HAL_NVIC_EnableIRQ                                build/stm32f4xx_hal_cortex.o
HAL_NVIC_GetActive                                build/stm32f4xx_hal_cortex.o
HAL_NVIC_GetPendingIRQ                            build/stm32f4xx_hal_cortex.o
HAL_NVIC_GetPriority                              build/stm32f4xx_hal_cortex.o
HAL_NVIC_GetPriorityGrouping                      build/stm32f4xx_hal_cortex.o
HAL_NVIC_SetPendingIRQ                            build/stm32f4xx_hal_cortex.o
HAL_NVIC_SetPriority                              build/stm32f4xx_hal_cortex.o
                                                  build/stm32f4xx_hal.o
HAL_NVIC_SetPriorityGrouping                      build/stm32f4xx_hal_cortex.o
                                                  build/stm32f4xx_hal.o
HAL_NVIC_SystemReset                              build/stm32f4xx_hal_cortex.o
HAL_PWREx_ControlVoltageScaling                   build/stm32f4xx_hal_pwr_ex.o
HAL_PWREx_DisableBkUpReg                          build/stm32f4xx_hal_pwr_ex.o
HAL_PWREx_DisableFlashPowerDown                   build/stm32f4xx_hal_pwr_ex.o
HAL_PWREx_EnableBkUpReg                           build/stm32f4xx_hal_pwr_ex.o
HAL_PWREx_EnableFlashPowerDown                    build/stm32f4xx_hal_pwr_ex.o
HAL_PWREx_GetVoltageRange                         build/stm32f4xx_hal_pwr_ex.o
HAL_PWR_ConfigPVD                                 build/stm32f4xx_hal_pwr.o
HAL_PWR_DeInit                                    build/stm32f4xx_hal_pwr.o
HAL_PWR_DisableBkUpAccess                         build/stm32f4xx_hal_pwr.o
HAL_PWR_DisablePVD                                build/stm32f4xx_hal_pwr.o
HAL_PWR_DisableSEVOnPend                          build/stm32f4xx_hal_pwr.o
HAL_PWR_DisableSleepOnExit                        build/stm32f4xx_hal_pwr.o
HAL_PWR_DisableWakeUpPin                          build/stm32f4xx_hal_pwr.o
HAL_PWR_EnableBkUpAccess                          build/stm32f4xx_hal_pwr.o
HAL_PWR_EnablePVD                                 build/stm32f4xx_hal_pwr.o
HAL_PWR_EnableSEVOnPend                           build/stm32f4xx_hal_pwr.o
HAL_PWR_EnableSleepOnExit                         build/stm32f4xx_hal_pwr.o
HAL_PWR_EnableWakeUpPin                           build/stm32f4xx_hal_pwr.o
HAL_PWR_EnterSLEEPMode                            build/stm32f4xx_hal_pwr.o
HAL_PWR_EnterSTANDBYMode                          build/stm32f4xx_hal_pwr.o
HAL_PWR_EnterSTOPMode                             build/stm32f4xx_hal_pwr.o
HAL_PWR_PVDCallback                               build/stm32f4xx_hal_pwr.o
HAL_PWR_PVD_IRQHandler                            build/stm32f4xx_hal_pwr.o
HAL_RCCEx_DisablePLLI2S                           build/stm32f4xx_hal_rcc_ex.o
HAL_RCCEx_EnablePLLI2S                            build/stm32f4xx_hal_rcc_ex.o
HAL_RCCEx_GetPeriphCLKConfig                      build/stm32f4xx_hal_rcc_ex.o
HAL_RCCEx_GetPeriphCLKFreq                        build/stm32f4xx_hal_rcc_ex.o
HAL_RCCEx_PeriphCLKConfig                         build/stm32f4xx_hal_rcc_ex.o
HAL_RCC_CSSCallback                               build/stm32f4xx_hal_rcc.o
HAL_RCC_ClockConfig                               build/stm32f4xx_hal_rcc.o
                                                  build/main.o
HAL_RCC_DeInit                                    build/stm32f4xx_hal_rcc_ex.o
                                                  build/stm32f4xx_hal_rcc.o
HAL_RCC_DisableCSS                                build/stm32f4xx_hal_rcc.o
HAL_RCC_EnableCSS                                 build/stm32f4xx_hal_rcc.o
HAL_RCC_GetClockConfig                            build/stm32f4xx_hal_rcc.o
HAL_RCC_GetHCLKFreq                               build/stm32f4xx_hal_rcc.o
HAL_RCC_GetOscConfig                              build/stm32f4xx_hal_rcc.o
HAL_RCC_GetPCLK1Freq                              build/stm32f4xx_hal_rcc.o
HAL_RCC_GetPCLK2Freq                              build/stm32f4xx_hal_rcc.o
HAL_RCC_GetSysClockFreq                           build/stm32f4xx_hal_rcc.o
HAL_RCC_MCOConfig                                 build/stm32f4xx_hal_rcc.o
HAL_RCC_NMI_IRQHandler                            build/stm32f4xx_hal_rcc.o
HAL_RCC_OscConfig                                 build/stm32f4xx_hal_rcc.o
                                                  build/main.o
HAL_ResumeTick                                    build/stm32f4xx_hal.o
HAL_SYSTICK_CLKSourceConfig                       build/stm32f4xx_hal_cortex.o
HAL_SYSTICK_Callback                              build/stm32f4xx_hal_cortex.o
HAL_SYSTICK_Config                                build/stm32f4xx_hal_cortex.o
                                                  build/stm32f4xx_hal.o
HAL_SYSTICK_IRQHandler                            build/stm32f4xx_hal_cortex.o
HAL_SetTickFreq                                   build/stm32f4xx_hal.o
HAL_SuspendTick                                   build/stm32f4xx_hal.o
HASH_RNG_IRQHandler                               build/startup_stm32f417xx.o
HardFault_Handler                                 build/stm32f4xx_it.o
I2C1_ER_IRQHandler                                build/startup_stm32f417xx.o
I2C1_EV_IRQHandler                                build/startup_stm32f417xx.o
I2C2_ER_IRQHandler                                build/startup_stm32f417xx.o
I2C2_EV_IRQHandler                                build/startup_stm32f417xx.o
I2C3_ER_IRQHandler                                build/startup_stm32f417xx.o
I2C3_EV_IRQHandler                                build/startup_stm32f417xx.o
MX_GPIO_Init                                      build/gpio.o
                                                  build/main.o
MemManage_Handler                                 build/stm32f4xx_it.o
NMI_Handler                                       build/stm32f4xx_it.o
OTG_FS_IRQHandler                                 build/startup_stm32f417xx.o
OTG_FS_WKUP_IRQHandler                            build/startup_stm32f417xx.o
OTG_HS_EP1_IN_IRQHandler                          build/startup_stm32f417xx.o
OTG_HS_EP1_OUT_IRQHandler                         build/startup_stm32f417xx.o
OTG_HS_IRQHandler                                 build/startup_stm32f417xx.o
OTG_HS_WKUP_IRQHandler                            build/startup_stm32f417xx.o
PVD_IRQHandler                                    build/startup_stm32f417xx.o
PendSV_Handler                                    build/stm32f4xx_it.o
RCC_IRQHandler                                    build/startup_stm32f417xx.o
RTC_Alarm_IRQHandler                              build/startup_stm32f417xx.o
RTC_WKUP_IRQHandler                               build/startup_stm32f417xx.o
Reset_Handler                                     build/startup_stm32f417xx.o
SDIO_IRQHandler                                   build/startup_stm32f417xx.o
SPI1_IRQHandler                                   build/startup_stm32f417xx.o
SPI2_IRQHandler                                   build/startup_stm32f417xx.o
SPI3_IRQHandler                                   build/startup_stm32f417xx.o
SVC_Handler                                       build/stm32f4xx_it.o
Stepper::Init(StepperInitData*)                   build/stepper.o
Stepper::InitTimers()                             build/stepper.o
Stepper::Stepper()                                build/stepper.o
Stepper::Stepper()                                build/stepper.o
Stepper::~Stepper()                               build/stepper.o
Stepper::~Stepper()                               build/stepper.o
SysTick_Handler                                   build/stm32f4xx_it.o
SystemClock_Config()                              build/main.o
SystemCoreClock                                   build/system_stm32f4xx.o
                                                  build/stm32f4xx_hal_rcc_ex.o
                                                  build/stm32f4xx_hal_rcc.o
                                                  build/stm32f4xx_hal_dma.o
                                                  build/stm32f4xx_hal.o
                                                  build/uart.o
                                                  build/timer.o
SystemCoreClockUpdate                             build/system_stm32f4xx.o
SystemInit                                        build/system_stm32f4xx.o
                                                  build/startup_stm32f417xx.o
TAMP_STAMP_IRQHandler                             build/startup_stm32f417xx.o
TIM1_BRK_TIM9_IRQHandler                          build/timer.o
TIM1_CC_IRQHandler                                build/timer.o
TIM1_TRG_COM_TIM11_IRQHandler                     build/timer.o
TIM1_UP_TIM10_IRQHandler                          build/timer.o
TIM2_IRQHandler                                   build/timer.o
TIM3_IRQHandler                                   build/timer.o
TIM4_IRQHandler                                   build/timer.o
TIM5_IRQHandler                                   build/timer.o
TIM6_DAC_IRQHandler                               build/timer.o
TIM7_IRQHandler                                   build/timer.o
TIM8_BRK_TIM12_IRQHandler                         build/timer.o
TIM8_CC_IRQHandler                                build/timer.o
TIM8_TRG_COM_TIM14_IRQHandler                     build/timer.o
TIM8_UP_TIM13_IRQHandler                          build/timer.o
UART4_IRQHandler                                  build/startup_stm32f417xx.o
UART5_IRQHandler                                  build/startup_stm32f417xx.o
USART1_IRQHandler                                 build/startup_stm32f417xx.o
USART2_IRQHandler                                 build/startup_stm32f417xx.o
USART3_IRQHandler                                 build/startup_stm32f417xx.o
USART6_IRQHandler                                 build/startup_stm32f417xx.o
UsageFault_Handler                                build/stm32f4xx_it.o
WWDG_IRQHandler                                   build/startup_stm32f417xx.o
_Unwind_Backtrace                                 c:/dev/embedded/arm_toolchain/gcc-arm-none-eabi-10.3-2021.07/bin/../lib/gcc/arm-none-eabi/10.3.1/thumb/v7e-m+fp/hard\libgcc.a(libunwind.o)
_Unwind_Complete                                  c:/dev/embedded/arm_toolchain/gcc-arm-none-eabi-10.3-2021.07/bin/../lib/gcc/arm-none-eabi/10.3.1/thumb/v7e-m+fp/hard\libgcc.a(unwind-arm.o)
_Unwind_DeleteException                           c:/dev/embedded/arm_toolchain/gcc-arm-none-eabi-10.3-2021.07/bin/../lib/gcc/arm-none-eabi/10.3.1/thumb/v7e-m+fp/hard\libgcc.a(unwind-arm.o)
_Unwind_ForcedUnwind                              c:/dev/embedded/arm_toolchain/gcc-arm-none-eabi-10.3-2021.07/bin/../lib/gcc/arm-none-eabi/10.3.1/thumb/v7e-m+fp/hard\libgcc.a(libunwind.o)
_Unwind_GetCFA                                    c:/dev/embedded/arm_toolchain/gcc-arm-none-eabi-10.3-2021.07/bin/../lib/gcc/arm-none-eabi/10.3.1/thumb/v7e-m+fp/hard\libgcc.a(unwind-arm.o)
_Unwind_GetDataRelBase                            c:/dev/embedded/arm_toolchain/gcc-arm-none-eabi-10.3-2021.07/bin/../lib/gcc/arm-none-eabi/10.3.1/thumb/v7e-m+fp/hard\libgcc.a(pr-support.o)
_Unwind_GetLanguageSpecificData                   c:/dev/embedded/arm_toolchain/gcc-arm-none-eabi-10.3-2021.07/bin/../lib/gcc/arm-none-eabi/10.3.1/thumb/v7e-m+fp/hard\libgcc.a(pr-support.o)
_Unwind_GetRegionStart                            c:/dev/embedded/arm_toolchain/gcc-arm-none-eabi-10.3-2021.07/bin/../lib/gcc/arm-none-eabi/10.3.1/thumb/v7e-m+fp/hard\libgcc.a(pr-support.o)
_Unwind_GetTextRelBase                            c:/dev/embedded/arm_toolchain/gcc-arm-none-eabi-10.3-2021.07/bin/../lib/gcc/arm-none-eabi/10.3.1/thumb/v7e-m+fp/hard\libgcc.a(pr-support.o)
_Unwind_RaiseException                            c:/dev/embedded/arm_toolchain/gcc-arm-none-eabi-10.3-2021.07/bin/../lib/gcc/arm-none-eabi/10.3.1/thumb/v7e-m+fp/hard\libgcc.a(libunwind.o)
_Unwind_Resume                                    c:/dev/embedded/arm_toolchain/gcc-arm-none-eabi-10.3-2021.07/bin/../lib/gcc/arm-none-eabi/10.3.1/thumb/v7e-m+fp/hard\libgcc.a(libunwind.o)
_Unwind_Resume_or_Rethrow                         c:/dev/embedded/arm_toolchain/gcc-arm-none-eabi-10.3-2021.07/bin/../lib/gcc/arm-none-eabi/10.3.1/thumb/v7e-m+fp/hard\libgcc.a(libunwind.o)
_Unwind_VRS_Get                                   c:/dev/embedded/arm_toolchain/gcc-arm-none-eabi-10.3-2021.07/bin/../lib/gcc/arm-none-eabi/10.3.1/thumb/v7e-m+fp/hard\libgcc.a(unwind-arm.o)
                                                  c:/dev/embedded/arm_toolchain/gcc-arm-none-eabi-10.3-2021.07/bin/../lib/gcc/arm-none-eabi/10.3.1/thumb/v7e-m+fp/hard\libgcc.a(pr-support.o)
_Unwind_VRS_Pop                                   c:/dev/embedded/arm_toolchain/gcc-arm-none-eabi-10.3-2021.07/bin/../lib/gcc/arm-none-eabi/10.3.1/thumb/v7e-m+fp/hard\libgcc.a(unwind-arm.o)
                                                  c:/dev/embedded/arm_toolchain/gcc-arm-none-eabi-10.3-2021.07/bin/../lib/gcc/arm-none-eabi/10.3.1/thumb/v7e-m+fp/hard\libgcc.a(pr-support.o)
_Unwind_VRS_Set                                   c:/dev/embedded/arm_toolchain/gcc-arm-none-eabi-10.3-2021.07/bin/../lib/gcc/arm-none-eabi/10.3.1/thumb/v7e-m+fp/hard\libgcc.a(unwind-arm.o)
                                                  c:/dev/embedded/arm_toolchain/gcc-arm-none-eabi-10.3-2021.07/bin/../lib/gcc/arm-none-eabi/10.3.1/thumb/v7e-m+fp/hard\libgcc.a(pr-support.o)
___Unwind_Backtrace                               c:/dev/embedded/arm_toolchain/gcc-arm-none-eabi-10.3-2021.07/bin/../lib/gcc/arm-none-eabi/10.3.1/thumb/v7e-m+fp/hard\libgcc.a(libunwind.o)
___Unwind_ForcedUnwind                            c:/dev/embedded/arm_toolchain/gcc-arm-none-eabi-10.3-2021.07/bin/../lib/gcc/arm-none-eabi/10.3.1/thumb/v7e-m+fp/hard\libgcc.a(libunwind.o)
___Unwind_RaiseException                          c:/dev/embedded/arm_toolchain/gcc-arm-none-eabi-10.3-2021.07/bin/../lib/gcc/arm-none-eabi/10.3.1/thumb/v7e-m+fp/hard\libgcc.a(libunwind.o)
___Unwind_Resume                                  c:/dev/embedded/arm_toolchain/gcc-arm-none-eabi-10.3-2021.07/bin/../lib/gcc/arm-none-eabi/10.3.1/thumb/v7e-m+fp/hard\libgcc.a(libunwind.o)
___Unwind_Resume_or_Rethrow                       c:/dev/embedded/arm_toolchain/gcc-arm-none-eabi-10.3-2021.07/bin/../lib/gcc/arm-none-eabi/10.3.1/thumb/v7e-m+fp/hard\libgcc.a(libunwind.o)
__adddf3                                          c:/dev/embedded/arm_toolchain/gcc-arm-none-eabi-10.3-2021.07/bin/../lib/gcc/arm-none-eabi/10.3.1/thumb/v7e-m+fp/hard\libgcc.a(_arm_addsubdf3.o)
__aeabi_d2uiz                                     c:/dev/embedded/arm_toolchain/gcc-arm-none-eabi-10.3-2021.07/bin/../lib/gcc/arm-none-eabi/10.3.1/thumb/v7e-m+fp/hard\libgcc.a(_arm_fixunsdfsi.o)
                                                  c:/dev/embedded/arm_toolchain/gcc-arm-none-eabi-10.3-2021.07/bin/../lib/gcc/arm-none-eabi/10.3.1/thumb/v7e-m+fp/hard\libgcc.a(_fixunsdfdi.o)
                                                  build/timer.o
__aeabi_d2ulz                                     c:/dev/embedded/arm_toolchain/gcc-arm-none-eabi-10.3-2021.07/bin/../lib/gcc/arm-none-eabi/10.3.1/thumb/v7e-m+fp/hard\libgcc.a(_fixunsdfdi.o)
                                                  build/timer.o
__aeabi_dadd                                      c:/dev/embedded/arm_toolchain/gcc-arm-none-eabi-10.3-2021.07/bin/../lib/gcc/arm-none-eabi/10.3.1/thumb/v7e-m+fp/hard\libgcc.a(_arm_addsubdf3.o)
__aeabi_ddiv                                      c:/dev/embedded/arm_toolchain/gcc-arm-none-eabi-10.3-2021.07/bin/../lib/gcc/arm-none-eabi/10.3.1/thumb/v7e-m+fp/hard\libgcc.a(_arm_muldivdf3.o)
                                                  build/timer.o
__aeabi_dmul                                      c:/dev/embedded/arm_toolchain/gcc-arm-none-eabi-10.3-2021.07/bin/../lib/gcc/arm-none-eabi/10.3.1/thumb/v7e-m+fp/hard\libgcc.a(_arm_muldivdf3.o)
                                                  c:/dev/embedded/arm_toolchain/gcc-arm-none-eabi-10.3-2021.07/bin/../lib/gcc/arm-none-eabi/10.3.1/thumb/v7e-m+fp/hard\libgcc.a(_arm_muldf3.o)
                                                  c:/dev/embedded/arm_toolchain/gcc-arm-none-eabi-10.3-2021.07/bin/../lib/gcc/arm-none-eabi/10.3.1/thumb/v7e-m+fp/hard\libgcc.a(_fixunsdfdi.o)
                                                  build/timer.o
__aeabi_drsub                                     c:/dev/embedded/arm_toolchain/gcc-arm-none-eabi-10.3-2021.07/bin/../lib/gcc/arm-none-eabi/10.3.1/thumb/v7e-m+fp/hard\libgcc.a(_arm_addsubdf3.o)
__aeabi_dsub                                      c:/dev/embedded/arm_toolchain/gcc-arm-none-eabi-10.3-2021.07/bin/../lib/gcc/arm-none-eabi/10.3.1/thumb/v7e-m+fp/hard\libgcc.a(_arm_addsubdf3.o)
                                                  c:/dev/embedded/arm_toolchain/gcc-arm-none-eabi-10.3-2021.07/bin/../lib/gcc/arm-none-eabi/10.3.1/thumb/v7e-m+fp/hard\libgcc.a(_fixunsdfdi.o)
__aeabi_f2d                                       c:/dev/embedded/arm_toolchain/gcc-arm-none-eabi-10.3-2021.07/bin/../lib/gcc/arm-none-eabi/10.3.1/thumb/v7e-m+fp/hard\libgcc.a(_arm_addsubdf3.o)
__aeabi_i2d                                       c:/dev/embedded/arm_toolchain/gcc-arm-none-eabi-10.3-2021.07/bin/../lib/gcc/arm-none-eabi/10.3.1/thumb/v7e-m+fp/hard\libgcc.a(_arm_addsubdf3.o)
__aeabi_idiv0                                     c:/dev/embedded/arm_toolchain/gcc-arm-none-eabi-10.3-2021.07/bin/../lib/gcc/arm-none-eabi/10.3.1/thumb/v7e-m+fp/hard\libgcc.a(_dvmd_tls.o)
__aeabi_l2d                                       c:/dev/embedded/arm_toolchain/gcc-arm-none-eabi-10.3-2021.07/bin/../lib/gcc/arm-none-eabi/10.3.1/thumb/v7e-m+fp/hard\libgcc.a(_arm_addsubdf3.o)
__aeabi_ldiv0                                     c:/dev/embedded/arm_toolchain/gcc-arm-none-eabi-10.3-2021.07/bin/../lib/gcc/arm-none-eabi/10.3.1/thumb/v7e-m+fp/hard\libgcc.a(_dvmd_tls.o)
                                                  c:/dev/embedded/arm_toolchain/gcc-arm-none-eabi-10.3-2021.07/bin/../lib/gcc/arm-none-eabi/10.3.1/thumb/v7e-m+fp/hard\libgcc.a(_aeabi_uldivmod.o)
__aeabi_ui2d                                      c:/dev/embedded/arm_toolchain/gcc-arm-none-eabi-10.3-2021.07/bin/../lib/gcc/arm-none-eabi/10.3.1/thumb/v7e-m+fp/hard\libgcc.a(_arm_addsubdf3.o)
                                                  c:/dev/embedded/arm_toolchain/gcc-arm-none-eabi-10.3-2021.07/bin/../lib/gcc/arm-none-eabi/10.3.1/thumb/v7e-m+fp/hard\libgcc.a(_fixunsdfdi.o)
                                                  build/timer.o
__aeabi_ul2d                                      c:/dev/embedded/arm_toolchain/gcc-arm-none-eabi-10.3-2021.07/bin/../lib/gcc/arm-none-eabi/10.3.1/thumb/v7e-m+fp/hard\libgcc.a(_arm_addsubdf3.o)
                                                  build/timer.o
__aeabi_uldivmod                                  c:/dev/embedded/arm_toolchain/gcc-arm-none-eabi-10.3-2021.07/bin/../lib/gcc/arm-none-eabi/10.3.1/thumb/v7e-m+fp/hard\libgcc.a(_aeabi_uldivmod.o)
                                                  build/stm32f4xx_hal_rcc.o
__aeabi_unwind_cpp_pr0                            c:/dev/embedded/arm_toolchain/gcc-arm-none-eabi-10.3-2021.07/bin/../lib/gcc/arm-none-eabi/10.3.1/thumb/v7e-m+fp/hard\libgcc.a(unwind-arm.o)
                                                  c:/dev/embedded/arm_toolchain/gcc-arm-none-eabi-10.3-2021.07/bin/../lib/gcc/arm-none-eabi/10.3.1/thumb/v7e-m+fp/hard\libgcc.a(pr-support.o)
                                                  build/main.o
__aeabi_unwind_cpp_pr1                            c:/dev/embedded/arm_toolchain/gcc-arm-none-eabi-10.3-2021.07/bin/../lib/gcc/arm-none-eabi/10.3.1/thumb/v7e-m+fp/hard\libgcc.a(unwind-arm.o)
                                                  c:/dev/embedded/arm_toolchain/gcc-arm-none-eabi-10.3-2021.07/bin/../lib/gcc/arm-none-eabi/10.3.1/thumb/v7e-m+fp/hard\libgcc.a(pr-support.o)
                                                  build/stepper.o
                                                  build/main.o
__aeabi_unwind_cpp_pr2                            c:/dev/embedded/arm_toolchain/gcc-arm-none-eabi-10.3-2021.07/bin/../lib/gcc/arm-none-eabi/10.3.1/thumb/v7e-m+fp/hard\libgcc.a(unwind-arm.o)
__assert                                          c:/dev/embedded/arm_toolchain/gcc-arm-none-eabi-10.3-2021.07/bin/../lib/gcc/arm-none-eabi/10.3.1/../../../../arm-none-eabi/lib/thumb/v7e-m+fp/hard\libc_nano.a(lib_a-assert.o)
__assert_func                                     c:/dev/embedded/arm_toolchain/gcc-arm-none-eabi-10.3-2021.07/bin/../lib/gcc/arm-none-eabi/10.3.1/../../../../arm-none-eabi/lib/thumb/v7e-m+fp/hard\libc_nano.a(lib_a-assert.o)
                                                  build/stepper.o
                                                  build/uart.o
                                                  build/timer.o
__bss_end__                                       c:/dev/embedded/arm_toolchain/gcc-arm-none-eabi-10.3-2021.07/bin/../lib/gcc/arm-none-eabi/10.3.1/../../../../arm-none-eabi/lib/thumb/v7e-m+fp/hard/crt0.o
__bss_start__                                     c:/dev/embedded/arm_toolchain/gcc-arm-none-eabi-10.3-2021.07/bin/../lib/gcc/arm-none-eabi/10.3.1/../../../../arm-none-eabi/lib/thumb/v7e-m+fp/hard/crt0.o
__call_exitprocs                                  c:/dev/embedded/arm_toolchain/gcc-arm-none-eabi-10.3-2021.07/bin/../lib/gcc/arm-none-eabi/10.3.1/../../../../arm-none-eabi/lib/thumb/v7e-m+fp/hard\libc_nano.a(lib_a-exit.o)
__cxa_begin_cleanup                               c:/dev/embedded/arm_toolchain/gcc-arm-none-eabi-10.3-2021.07/bin/../lib/gcc/arm-none-eabi/10.3.1/thumb/v7e-m+fp/hard\libgcc.a(unwind-arm.o)
__cxa_call_unexpected                             c:/dev/embedded/arm_toolchain/gcc-arm-none-eabi-10.3-2021.07/bin/../lib/gcc/arm-none-eabi/10.3.1/thumb/v7e-m+fp/hard\libgcc.a(unwind-arm.o)
__cxa_type_match                                  c:/dev/embedded/arm_toolchain/gcc-arm-none-eabi-10.3-2021.07/bin/../lib/gcc/arm-none-eabi/10.3.1/thumb/v7e-m+fp/hard\libgcc.a(unwind-arm.o)
__deregister_frame_info                           c:/dev/embedded/arm_toolchain/gcc-arm-none-eabi-10.3-2021.07/bin/../lib/gcc/arm-none-eabi/10.3.1/thumb/v7e-m+fp/hard/crtbegin.o
__divdf3                                          c:/dev/embedded/arm_toolchain/gcc-arm-none-eabi-10.3-2021.07/bin/../lib/gcc/arm-none-eabi/10.3.1/thumb/v7e-m+fp/hard\libgcc.a(_arm_muldivdf3.o)
__dso_handle                                      c:/dev/embedded/arm_toolchain/gcc-arm-none-eabi-10.3-2021.07/bin/../lib/gcc/arm-none-eabi/10.3.1/thumb/v7e-m+fp/hard/crtbegin.o
__exidx_end                                       c:/dev/embedded/arm_toolchain/gcc-arm-none-eabi-10.3-2021.07/bin/../lib/gcc/arm-none-eabi/10.3.1/thumb/v7e-m+fp/hard\libgcc.a(unwind-arm.o)
__exidx_start                                     c:/dev/embedded/arm_toolchain/gcc-arm-none-eabi-10.3-2021.07/bin/../lib/gcc/arm-none-eabi/10.3.1/thumb/v7e-m+fp/hard\libgcc.a(unwind-arm.o)
__extendsfdf2                                     c:/dev/embedded/arm_toolchain/gcc-arm-none-eabi-10.3-2021.07/bin/../lib/gcc/arm-none-eabi/10.3.1/thumb/v7e-m+fp/hard\libgcc.a(_arm_addsubdf3.o)
__fixunsdfdi                                      c:/dev/embedded/arm_toolchain/gcc-arm-none-eabi-10.3-2021.07/bin/../lib/gcc/arm-none-eabi/10.3.1/thumb/v7e-m+fp/hard\libgcc.a(_fixunsdfdi.o)
__fixunsdfsi                                      c:/dev/embedded/arm_toolchain/gcc-arm-none-eabi-10.3-2021.07/bin/../lib/gcc/arm-none-eabi/10.3.1/thumb/v7e-m+fp/hard\libgcc.a(_arm_fixunsdfsi.o)
__floatdidf                                       c:/dev/embedded/arm_toolchain/gcc-arm-none-eabi-10.3-2021.07/bin/../lib/gcc/arm-none-eabi/10.3.1/thumb/v7e-m+fp/hard\libgcc.a(_arm_addsubdf3.o)
__floatsidf                                       c:/dev/embedded/arm_toolchain/gcc-arm-none-eabi-10.3-2021.07/bin/../lib/gcc/arm-none-eabi/10.3.1/thumb/v7e-m+fp/hard\libgcc.a(_arm_addsubdf3.o)
__floatundidf                                     c:/dev/embedded/arm_toolchain/gcc-arm-none-eabi-10.3-2021.07/bin/../lib/gcc/arm-none-eabi/10.3.1/thumb/v7e-m+fp/hard\libgcc.a(_arm_addsubdf3.o)
__floatunsidf                                     c:/dev/embedded/arm_toolchain/gcc-arm-none-eabi-10.3-2021.07/bin/../lib/gcc/arm-none-eabi/10.3.1/thumb/v7e-m+fp/hard\libgcc.a(_arm_addsubdf3.o)
__fp_lock_all                                     c:/dev/embedded/arm_toolchain/gcc-arm-none-eabi-10.3-2021.07/bin/../lib/gcc/arm-none-eabi/10.3.1/../../../../arm-none-eabi/lib/thumb/v7e-m+fp/hard\libc_nano.a(lib_a-findfp.o)
__fp_unlock_all                                   c:/dev/embedded/arm_toolchain/gcc-arm-none-eabi-10.3-2021.07/bin/../lib/gcc/arm-none-eabi/10.3.1/../../../../arm-none-eabi/lib/thumb/v7e-m+fp/hard\libc_nano.a(lib_a-findfp.o)
__gnu_Unwind_Backtrace                            c:/dev/embedded/arm_toolchain/gcc-arm-none-eabi-10.3-2021.07/bin/../lib/gcc/arm-none-eabi/10.3.1/thumb/v7e-m+fp/hard\libgcc.a(unwind-arm.o)
                                                  c:/dev/embedded/arm_toolchain/gcc-arm-none-eabi-10.3-2021.07/bin/../lib/gcc/arm-none-eabi/10.3.1/thumb/v7e-m+fp/hard\libgcc.a(libunwind.o)
__gnu_Unwind_Find_exidx                           c:/dev/embedded/arm_toolchain/gcc-arm-none-eabi-10.3-2021.07/bin/../lib/gcc/arm-none-eabi/10.3.1/thumb/v7e-m+fp/hard\libgcc.a(unwind-arm.o)
__gnu_Unwind_ForcedUnwind                         c:/dev/embedded/arm_toolchain/gcc-arm-none-eabi-10.3-2021.07/bin/../lib/gcc/arm-none-eabi/10.3.1/thumb/v7e-m+fp/hard\libgcc.a(unwind-arm.o)
                                                  c:/dev/embedded/arm_toolchain/gcc-arm-none-eabi-10.3-2021.07/bin/../lib/gcc/arm-none-eabi/10.3.1/thumb/v7e-m+fp/hard\libgcc.a(libunwind.o)
__gnu_Unwind_RaiseException                       c:/dev/embedded/arm_toolchain/gcc-arm-none-eabi-10.3-2021.07/bin/../lib/gcc/arm-none-eabi/10.3.1/thumb/v7e-m+fp/hard\libgcc.a(unwind-arm.o)
                                                  c:/dev/embedded/arm_toolchain/gcc-arm-none-eabi-10.3-2021.07/bin/../lib/gcc/arm-none-eabi/10.3.1/thumb/v7e-m+fp/hard\libgcc.a(libunwind.o)
__gnu_Unwind_Restore_VFP                          c:/dev/embedded/arm_toolchain/gcc-arm-none-eabi-10.3-2021.07/bin/../lib/gcc/arm-none-eabi/10.3.1/thumb/v7e-m+fp/hard\libgcc.a(libunwind.o)
                                                  c:/dev/embedded/arm_toolchain/gcc-arm-none-eabi-10.3-2021.07/bin/../lib/gcc/arm-none-eabi/10.3.1/thumb/v7e-m+fp/hard\libgcc.a(unwind-arm.o)
__gnu_Unwind_Restore_VFP_D                        c:/dev/embedded/arm_toolchain/gcc-arm-none-eabi-10.3-2021.07/bin/../lib/gcc/arm-none-eabi/10.3.1/thumb/v7e-m+fp/hard\libgcc.a(libunwind.o)
                                                  c:/dev/embedded/arm_toolchain/gcc-arm-none-eabi-10.3-2021.07/bin/../lib/gcc/arm-none-eabi/10.3.1/thumb/v7e-m+fp/hard\libgcc.a(unwind-arm.o)
__gnu_Unwind_Restore_VFP_D_16_to_31               c:/dev/embedded/arm_toolchain/gcc-arm-none-eabi-10.3-2021.07/bin/../lib/gcc/arm-none-eabi/10.3.1/thumb/v7e-m+fp/hard\libgcc.a(libunwind.o)
                                                  c:/dev/embedded/arm_toolchain/gcc-arm-none-eabi-10.3-2021.07/bin/../lib/gcc/arm-none-eabi/10.3.1/thumb/v7e-m+fp/hard\libgcc.a(unwind-arm.o)
__gnu_Unwind_Restore_WMMXC                        c:/dev/embedded/arm_toolchain/gcc-arm-none-eabi-10.3-2021.07/bin/../lib/gcc/arm-none-eabi/10.3.1/thumb/v7e-m+fp/hard\libgcc.a(libunwind.o)
                                                  c:/dev/embedded/arm_toolchain/gcc-arm-none-eabi-10.3-2021.07/bin/../lib/gcc/arm-none-eabi/10.3.1/thumb/v7e-m+fp/hard\libgcc.a(unwind-arm.o)
__gnu_Unwind_Restore_WMMXD                        c:/dev/embedded/arm_toolchain/gcc-arm-none-eabi-10.3-2021.07/bin/../lib/gcc/arm-none-eabi/10.3.1/thumb/v7e-m+fp/hard\libgcc.a(libunwind.o)
                                                  c:/dev/embedded/arm_toolchain/gcc-arm-none-eabi-10.3-2021.07/bin/../lib/gcc/arm-none-eabi/10.3.1/thumb/v7e-m+fp/hard\libgcc.a(unwind-arm.o)
__gnu_Unwind_Resume                               c:/dev/embedded/arm_toolchain/gcc-arm-none-eabi-10.3-2021.07/bin/../lib/gcc/arm-none-eabi/10.3.1/thumb/v7e-m+fp/hard\libgcc.a(unwind-arm.o)
                                                  c:/dev/embedded/arm_toolchain/gcc-arm-none-eabi-10.3-2021.07/bin/../lib/gcc/arm-none-eabi/10.3.1/thumb/v7e-m+fp/hard\libgcc.a(libunwind.o)
__gnu_Unwind_Resume_or_Rethrow                    c:/dev/embedded/arm_toolchain/gcc-arm-none-eabi-10.3-2021.07/bin/../lib/gcc/arm-none-eabi/10.3.1/thumb/v7e-m+fp/hard\libgcc.a(unwind-arm.o)
                                                  c:/dev/embedded/arm_toolchain/gcc-arm-none-eabi-10.3-2021.07/bin/../lib/gcc/arm-none-eabi/10.3.1/thumb/v7e-m+fp/hard\libgcc.a(libunwind.o)
__gnu_Unwind_Save_VFP                             c:/dev/embedded/arm_toolchain/gcc-arm-none-eabi-10.3-2021.07/bin/../lib/gcc/arm-none-eabi/10.3.1/thumb/v7e-m+fp/hard\libgcc.a(libunwind.o)
                                                  c:/dev/embedded/arm_toolchain/gcc-arm-none-eabi-10.3-2021.07/bin/../lib/gcc/arm-none-eabi/10.3.1/thumb/v7e-m+fp/hard\libgcc.a(unwind-arm.o)
__gnu_Unwind_Save_VFP_D                           c:/dev/embedded/arm_toolchain/gcc-arm-none-eabi-10.3-2021.07/bin/../lib/gcc/arm-none-eabi/10.3.1/thumb/v7e-m+fp/hard\libgcc.a(libunwind.o)
                                                  c:/dev/embedded/arm_toolchain/gcc-arm-none-eabi-10.3-2021.07/bin/../lib/gcc/arm-none-eabi/10.3.1/thumb/v7e-m+fp/hard\libgcc.a(unwind-arm.o)
__gnu_Unwind_Save_VFP_D_16_to_31                  c:/dev/embedded/arm_toolchain/gcc-arm-none-eabi-10.3-2021.07/bin/../lib/gcc/arm-none-eabi/10.3.1/thumb/v7e-m+fp/hard\libgcc.a(libunwind.o)
                                                  c:/dev/embedded/arm_toolchain/gcc-arm-none-eabi-10.3-2021.07/bin/../lib/gcc/arm-none-eabi/10.3.1/thumb/v7e-m+fp/hard\libgcc.a(unwind-arm.o)
__gnu_Unwind_Save_WMMXC                           c:/dev/embedded/arm_toolchain/gcc-arm-none-eabi-10.3-2021.07/bin/../lib/gcc/arm-none-eabi/10.3.1/thumb/v7e-m+fp/hard\libgcc.a(libunwind.o)
                                                  c:/dev/embedded/arm_toolchain/gcc-arm-none-eabi-10.3-2021.07/bin/../lib/gcc/arm-none-eabi/10.3.1/thumb/v7e-m+fp/hard\libgcc.a(unwind-arm.o)
__gnu_Unwind_Save_WMMXD                           c:/dev/embedded/arm_toolchain/gcc-arm-none-eabi-10.3-2021.07/bin/../lib/gcc/arm-none-eabi/10.3.1/thumb/v7e-m+fp/hard\libgcc.a(libunwind.o)
                                                  c:/dev/embedded/arm_toolchain/gcc-arm-none-eabi-10.3-2021.07/bin/../lib/gcc/arm-none-eabi/10.3.1/thumb/v7e-m+fp/hard\libgcc.a(unwind-arm.o)
__gnu_unwind_execute                              c:/dev/embedded/arm_toolchain/gcc-arm-none-eabi-10.3-2021.07/bin/../lib/gcc/arm-none-eabi/10.3.1/thumb/v7e-m+fp/hard\libgcc.a(pr-support.o)
                                                  c:/dev/embedded/arm_toolchain/gcc-arm-none-eabi-10.3-2021.07/bin/../lib/gcc/arm-none-eabi/10.3.1/thumb/v7e-m+fp/hard\libgcc.a(unwind-arm.o)
__gnu_unwind_frame                                c:/dev/embedded/arm_toolchain/gcc-arm-none-eabi-10.3-2021.07/bin/../lib/gcc/arm-none-eabi/10.3.1/thumb/v7e-m+fp/hard\libgcc.a(pr-support.o)
__init_array_end                                  c:/dev/embedded/arm_toolchain/gcc-arm-none-eabi-10.3-2021.07/bin/../lib/gcc/arm-none-eabi/10.3.1/../../../../arm-none-eabi/lib/thumb/v7e-m+fp/hard\libc_nano.a(lib_a-init.o)
__init_array_start                                c:/dev/embedded/arm_toolchain/gcc-arm-none-eabi-10.3-2021.07/bin/../lib/gcc/arm-none-eabi/10.3.1/../../../../arm-none-eabi/lib/thumb/v7e-m+fp/hard\libc_nano.a(lib_a-init.o)
__libc_fini_array                                 c:/dev/embedded/arm_toolchain/gcc-arm-none-eabi-10.3-2021.07/bin/../lib/gcc/arm-none-eabi/10.3.1/../../../../arm-none-eabi/lib/thumb/v7e-m+fp/hard/crt0.o
__libc_init_array                                 c:/dev/embedded/arm_toolchain/gcc-arm-none-eabi-10.3-2021.07/bin/../lib/gcc/arm-none-eabi/10.3.1/../../../../arm-none-eabi/lib/thumb/v7e-m+fp/hard\libc_nano.a(lib_a-init.o)
                                                  build/startup_stm32f417xx.o
                                                  c:/dev/embedded/arm_toolchain/gcc-arm-none-eabi-10.3-2021.07/bin/../lib/gcc/arm-none-eabi/10.3.1/../../../../arm-none-eabi/lib/thumb/v7e-m+fp/hard/crt0.o
__lock___arc4random_mutex                         c:/dev/embedded/arm_toolchain/gcc-arm-none-eabi-10.3-2021.07/bin/../lib/gcc/arm-none-eabi/10.3.1/../../../../arm-none-eabi/lib/thumb/v7e-m+fp/hard\libc_nano.a(lib_a-lock.o)
__lock___at_quick_exit_mutex                      c:/dev/embedded/arm_toolchain/gcc-arm-none-eabi-10.3-2021.07/bin/../lib/gcc/arm-none-eabi/10.3.1/../../../../arm-none-eabi/lib/thumb/v7e-m+fp/hard\libc_nano.a(lib_a-lock.o)
__lock___atexit_recursive_mutex                   c:/dev/embedded/arm_toolchain/gcc-arm-none-eabi-10.3-2021.07/bin/../lib/gcc/arm-none-eabi/10.3.1/../../../../arm-none-eabi/lib/thumb/v7e-m+fp/hard\libc_nano.a(lib_a-lock.o)
__lock___dd_hash_mutex                            c:/dev/embedded/arm_toolchain/gcc-arm-none-eabi-10.3-2021.07/bin/../lib/gcc/arm-none-eabi/10.3.1/../../../../arm-none-eabi/lib/thumb/v7e-m+fp/hard\libc_nano.a(lib_a-lock.o)
__lock___env_recursive_mutex                      c:/dev/embedded/arm_toolchain/gcc-arm-none-eabi-10.3-2021.07/bin/../lib/gcc/arm-none-eabi/10.3.1/../../../../arm-none-eabi/lib/thumb/v7e-m+fp/hard\libc_nano.a(lib_a-lock.o)
__lock___malloc_recursive_mutex                   c:/dev/embedded/arm_toolchain/gcc-arm-none-eabi-10.3-2021.07/bin/../lib/gcc/arm-none-eabi/10.3.1/../../../../arm-none-eabi/lib/thumb/v7e-m+fp/hard\libc_nano.a(lib_a-lock.o)
                                                  c:/dev/embedded/arm_toolchain/gcc-arm-none-eabi-10.3-2021.07/bin/../lib/gcc/arm-none-eabi/10.3.1/../../../../arm-none-eabi/lib/thumb/v7e-m+fp/hard\libc_nano.a(lib_a-mlock.o)
__lock___sfp_recursive_mutex                      c:/dev/embedded/arm_toolchain/gcc-arm-none-eabi-10.3-2021.07/bin/../lib/gcc/arm-none-eabi/10.3.1/../../../../arm-none-eabi/lib/thumb/v7e-m+fp/hard\libc_nano.a(lib_a-lock.o)
                                                  c:/dev/embedded/arm_toolchain/gcc-arm-none-eabi-10.3-2021.07/bin/../lib/gcc/arm-none-eabi/10.3.1/../../../../arm-none-eabi/lib/thumb/v7e-m+fp/hard\libc_nano.a(lib_a-findfp.o)
__lock___sinit_recursive_mutex                    c:/dev/embedded/arm_toolchain/gcc-arm-none-eabi-10.3-2021.07/bin/../lib/gcc/arm-none-eabi/10.3.1/../../../../arm-none-eabi/lib/thumb/v7e-m+fp/hard\libc_nano.a(lib_a-lock.o)
                                                  c:/dev/embedded/arm_toolchain/gcc-arm-none-eabi-10.3-2021.07/bin/../lib/gcc/arm-none-eabi/10.3.1/../../../../arm-none-eabi/lib/thumb/v7e-m+fp/hard\libc_nano.a(lib_a-findfp.o)
__lock___tz_mutex                                 c:/dev/embedded/arm_toolchain/gcc-arm-none-eabi-10.3-2021.07/bin/../lib/gcc/arm-none-eabi/10.3.1/../../../../arm-none-eabi/lib/thumb/v7e-m+fp/hard\libc_nano.a(lib_a-lock.o)
__malloc_free_list                                c:/dev/embedded/arm_toolchain/gcc-arm-none-eabi-10.3-2021.07/bin/../lib/gcc/arm-none-eabi/10.3.1/../../../../arm-none-eabi/lib/thumb/v7e-m+fp/hard\libc_nano.a(lib_a-nano-mallocr.o)
                                                  c:/dev/embedded/arm_toolchain/gcc-arm-none-eabi-10.3-2021.07/bin/../lib/gcc/arm-none-eabi/10.3.1/../../../../arm-none-eabi/lib/thumb/v7e-m+fp/hard\libc_nano.a(lib_a-nano-freer.o)
__malloc_lock                                     c:/dev/embedded/arm_toolchain/gcc-arm-none-eabi-10.3-2021.07/bin/../lib/gcc/arm-none-eabi/10.3.1/../../../../arm-none-eabi/lib/thumb/v7e-m+fp/hard\libc_nano.a(lib_a-mlock.o)
                                                  c:/dev/embedded/arm_toolchain/gcc-arm-none-eabi-10.3-2021.07/bin/../lib/gcc/arm-none-eabi/10.3.1/../../../../arm-none-eabi/lib/thumb/v7e-m+fp/hard\libc_nano.a(lib_a-nano-mallocr.o)
                                                  c:/dev/embedded/arm_toolchain/gcc-arm-none-eabi-10.3-2021.07/bin/../lib/gcc/arm-none-eabi/10.3.1/../../../../arm-none-eabi/lib/thumb/v7e-m+fp/hard\libc_nano.a(lib_a-nano-freer.o)
__malloc_sbrk_start                               c:/dev/embedded/arm_toolchain/gcc-arm-none-eabi-10.3-2021.07/bin/../lib/gcc/arm-none-eabi/10.3.1/../../../../arm-none-eabi/lib/thumb/v7e-m+fp/hard\libc_nano.a(lib_a-nano-mallocr.o)
__malloc_unlock                                   c:/dev/embedded/arm_toolchain/gcc-arm-none-eabi-10.3-2021.07/bin/../lib/gcc/arm-none-eabi/10.3.1/../../../../arm-none-eabi/lib/thumb/v7e-m+fp/hard\libc_nano.a(lib_a-mlock.o)
                                                  c:/dev/embedded/arm_toolchain/gcc-arm-none-eabi-10.3-2021.07/bin/../lib/gcc/arm-none-eabi/10.3.1/../../../../arm-none-eabi/lib/thumb/v7e-m+fp/hard\libc_nano.a(lib_a-nano-mallocr.o)
                                                  c:/dev/embedded/arm_toolchain/gcc-arm-none-eabi-10.3-2021.07/bin/../lib/gcc/arm-none-eabi/10.3.1/../../../../arm-none-eabi/lib/thumb/v7e-m+fp/hard\libc_nano.a(lib_a-nano-freer.o)
__muldf3                                          c:/dev/embedded/arm_toolchain/gcc-arm-none-eabi-10.3-2021.07/bin/../lib/gcc/arm-none-eabi/10.3.1/thumb/v7e-m+fp/hard\libgcc.a(_arm_muldivdf3.o)
                                                  c:/dev/embedded/arm_toolchain/gcc-arm-none-eabi-10.3-2021.07/bin/../lib/gcc/arm-none-eabi/10.3.1/thumb/v7e-m+fp/hard\libgcc.a(_arm_muldf3.o)
__preinit_array_end                               c:/dev/embedded/arm_toolchain/gcc-arm-none-eabi-10.3-2021.07/bin/../lib/gcc/arm-none-eabi/10.3.1/../../../../arm-none-eabi/lib/thumb/v7e-m+fp/hard\libc_nano.a(lib_a-init.o)
__preinit_array_start                             c:/dev/embedded/arm_toolchain/gcc-arm-none-eabi-10.3-2021.07/bin/../lib/gcc/arm-none-eabi/10.3.1/../../../../arm-none-eabi/lib/thumb/v7e-m+fp/hard\libc_nano.a(lib_a-init.o)
__register_frame_info                             c:/dev/embedded/arm_toolchain/gcc-arm-none-eabi-10.3-2021.07/bin/../lib/gcc/arm-none-eabi/10.3.1/thumb/v7e-m+fp/hard/crtbegin.o
__restore_core_regs                               c:/dev/embedded/arm_toolchain/gcc-arm-none-eabi-10.3-2021.07/bin/../lib/gcc/arm-none-eabi/10.3.1/thumb/v7e-m+fp/hard\libgcc.a(libunwind.o)
__retarget_lock_acquire                           c:/dev/embedded/arm_toolchain/gcc-arm-none-eabi-10.3-2021.07/bin/../lib/gcc/arm-none-eabi/10.3.1/../../../../arm-none-eabi/lib/thumb/v7e-m+fp/hard\libc_nano.a(lib_a-lock.o)